53 0 0
53 0 1
64 23 13
53 0 2
53 0 3
53 0 4
53 0 5
53 0 6
53 0 7
53 0 8
53 0 9
53 0 10
53 0 11
53 0 12
53 0 13
53 0 14
53 0 15
53 0 16
53 0 17
53 1 0
53 1 1
53 1 2
53 1 3
53 1 4
53 1 5
53 1 6
53 1 7
53 1 8
53 1 9
53 1 10
53 1 11
53 1 12
53 1 13
53 1 14
64 23 15
53 1 15
53 1 16
53 1 17
53 2 0
53 2 1
53 2 2
53 2 3
53 2 4
53 2 5
53 2 6
53 2 7
53 2 8
53 2 9
53 2 10
53 2 11
53 2 12
53 2 13
53 2 14
53 2 15
53 2 16
53 2 17
53 3 0
53 3 1
53 3 2
53 3 3
53 3 4
53 3 5
53 3 6
53 3 7
53 3 8
53 3 9
53 3 10
53 3 11
53 3 12
64 23 11
53 3 13
53 3 14
53 3 15
53 3 16
53 3 17
53 4 0
53 4 1
53 4 2
53 4 3
53 4 4
53 4 5
53 4 6
53 4 7
53 4 8
53 4 9
53 4 10
53 4 11
53 4 12
53 4 13
53 4 14
53 4 15
53 4 16
53 4 17
64 23 17
53 5 0
53 5 1
53 5 2
53 5 3
53 5 4
53 5 5
53 5 6
64 23 9
53 5 7
53 5 8
53 5 9
53 5 10
53 5 11
53 5 12
53 5 13
53 5 14
53 5 15
53 5 16
53 5 17
53 6 0
53 6 1
53 6 2
53 6 3
53 6 4
64 23 19
53 6 5
64 23 7
53 6 6
53 6 7
53 6 8
64 23 21
53 6 9
53 6 10
53 6 11
53 6 12
53 6 13
53 6 14
53 6 15
53 6 16
53 6 17
53 7 0
53 7 1
53 7 2
53 7 3
53 7 4
53 7 5
53 7 6
53 7 7
64 23 5
53 7 8
53 7 9
64 23 23
53 7 10
53 7 11
53 7 12
53 7 13
53 7 14
53 7 15
53 7 16
53 7 17
53 8 0
53 8 1
53 8 2
53 8 3
53 8 4
53 8 5
53 8 6
53 8 7
53 8 8
53 8 9
53 8 10
53 8 11
53 8 12
53 8 13
53 8 14
53 8 15
53 8 16
53 8 17
53 9 0
53 9 1
53 9 2
53 9 3
53 9 4
64 23 3
53 9 5
53 9 6
53 9 7
53 9 8
53 9 9
53 9 10
53 9 11
53 9 12
53 9 13
53 9 14
53 9 15
64 23 25
53 9 16
53 9 17
53 10 0
53 10 1
53 10 2
53 10 3
53 10 4
53 10 5
53 10 6
53 10 7
53 10 8
53 10 9
53 10 10
53 10 11
53 10 12
53 10 13
53 10 14
53 10 15
53 10 16
53 10 17
53 11 0
53 11 1
53 11 2
53 11 3
53 11 4
53 11 5
53 11 6
53 11 7
53 11 8
53 11 9
53 11 10
53 11 11
53 11 12
53 11 13
64 23 27
53 11 14
53 11 15
53 11 16
53 11 17
53 12 0
64 23 29
53 12 1
53 12 2
53 12 3
53 12 4
64 22 29
53 12 5
53 12 6
53 12 7
53 12 8
53 12 9
53 12 10
53 12 11
53 12 12
64 23 1
53 12 13
53 12 14
53 12 15
53 12 16
53 12 17
53 13 0
53 13 1
53 13 2
64 23 2
53 13 3
53 13 4
53 13 5
64 23 4
53 13 6
53 13 7
53 13 8
53 13 9
53 13 10
53 13 11
53 13 12
53 13 13
53 13 14
53 13 15
64 23 6
53 13 16
53 13 17
53 14 0
64 23 8
53 14 1
53 14 2
53 14 3
53 14 4
53 14 5
53 14 6
53 14 7
53 14 8
53 14 9
53 14 10
53 14 11
53 14 12
53 14 13
53 14 14
53 14 15
53 14 16
53 14 17
53 15 0
53 15 1
53 15 2
53 15 3
53 15 4
53 15 5
53 15 6
53 15 7
53 15 8
53 15 9
53 15 10
53 15 11
53 15 12
53 15 13
53 15 14
53 15 15
64 23 10
53 15 16
53 15 17
53 16 0
53 16 1
53 16 2
53 16 3
53 16 4
53 16 5
64 23 12
53 16 6
53 16 7
64 19 20
64 20 0
64 20 1
64 23 14
64 20 2
64 23 16
64 20 3
64 20 4
64 20 5
64 20 6
64 20 7
64 20 8
64 20 9
64 20 10
64 20 11
64 20 12
64 20 13
64 20 14
64 20 15
64 20 16
64 20 17
64 20 18
64 20 19
64 23 18
64 20 20
64 20 29
64 20 30
64 21 0
64 21 1
64 21 2
64 21 3
64 21 4
64 21 5
64 21 6
64 21 7
64 21 8
64 21 9
64 21 10
64 23 20
64 21 11
64 21 12
64 21 13
64 23 22
64 21 14
64 21 15
64 21 16
64 21 17
64 21 18
64 21 19
64 21 20
64 21 21
64 21 22
64 21 23
64 21 24
64 23 24
64 23 26
64 21 25
64 21 26
64 21 27
64 21 28
64 21 29
64 23 28
64 23 30
64 21 30
64 22 0
64 22 1
13 0 0
13 0 1
13 0 2
41 7 3
13 0 3
13 0 4
13 0 5
13 0 6
13 0 7
13 0 8
13 0 9
13 0 10
13 0 11
13 0 12
13 0 13
13 0 14
13 1 0
13 1 1
13 1 2
13 1 3
41 7 1
13 1 4
41 7 5
13 1 5
13 1 6
13 1 7
13 1 8
13 1 9
13 1 10
13 1 11
41 3 8
13 1 12
13 1 13
13 1 14
13 2 0
13 2 1
13 2 2
13 2 3
13 2 4
13 2 5
13 2 6
13 2 7
13 2 8
13 2 9
13 2 10
41 1 8
13 2 11
13 2 12
13 2 13
13 2 14
13 3 0
13 3 1
13 3 2
13 3 3
13 3 4
13 3 5
13 3 6
13 3 7
13 3 8
13 3 9
13 3 10
13 3 11
13 3 12
13 3 13
13 3 14
41 5 8
13 4 0
13 4 1
13 4 2
13 4 3
13 4 4
13 4 5
13 4 6
13 4 7
13 4 8
13 4 9
13 4 10
13 4 11
13 4 12
13 4 13
13 4 14
13 5 0
13 5 1
13 5 2
13 5 3
13 5 4
13 5 5
13 5 6
13 5 7
41 7 7
41 9 3
13 5 8
41 9 5
13 5 9
13 5 10
13 5 11
13 5 12
13 5 13
13 5 14
41 0 0
41 0 1
41 0 2
41 0 3
41 0 4
41 0 5
41 0 6
41 1 0
41 1 1
41 9 1
41 1 2
41 1 3
41 1 4
41 1 5
41 1 6
41 2 0
41 2 1
41 2 2
41 2 3
41 2 4
41 2 5
41 9 7
41 2 6
41 3 0
41 3 1
41 3 2
41 3 3
41 3 4
41 3 5
41 3 6
41 4 0
41 4 1
41 4 2
41 4 3
41 4 4
41 4 5
41 4 6
41 5 0
41 5 1
41 5 2
41 5 3
41 5 4
41 5 5
41 5 6
34 0 0
34 0 1
34 0 2
34 0 3
34 0 4
34 0 5
34 0 6
34 0 7
34 0 8
34 0 9
34 0 10
34 0 11
34 0 12
34 0 13
34 0 14
34 0 15
34 0 16
59 2 9
34 0 17
34 0 18
34 1 0
34 1 1
34 1 2
59 0 9
34 1 3
34 1 4
34 1 5
34 1 6
59 4 9
34 1 7
34 1 8
34 1 9
34 1 10
34 1 11
34 1 12
34 1 13
34 1 14
34 1 15
34 1 16
34 1 17
34 1 18
34 2 0
34 2 1
34 2 2
34 2 3
59 2 11
34 2 4
34 2 5
34 2 6
34 2 7
34 2 8
34 2 9
59 0 11
34 2 10
59 4 11
34 2 11
34 2 12
34 2 13
34 2 14
34 2 15
34 2 16
34 2 17
34 2 18
34 3 0
34 3 1
34 3 2
34 3 3
34 3 4
34 3 5
34 3 6
34 3 7
34 3 8
34 3 9
34 3 10
34 3 11
34 3 12
34 3 13
59 2 13
34 3 14
34 3 15
34 3 16
34 3 17
34 3 18
34 4 0
34 4 1
59 0 13
34 4 2
34 4 3
34 4 4
34 4 5
34 4 6
34 4 7
34 4 8
34 4 9
34 4 10
34 4 11
34 4 12
34 4 13
34 4 14
34 4 15
34 4 16
34 4 17
34 4 18
59 0 0
59 0 1
59 0 2
59 0 3
59 0 4
59 0 5
59 0 6
59 0 7
59 1 0
59 1 1
59 4 13
59 1 2
59 1 3
59 1 4
59 1 5
59 1 6
59 1 7
59 2 0
59 2 1
59 2 2
59 2 3
59 2 4
59 2 15
59 2 5
59 2 6
59 2 7
59 3 0
59 3 1
59 3 2
59 3 3
59 3 4
59 3 5
59 3 6
59 0 15
59 3 7
59 4 0
59 4 1
59 4 2
59 4 3
59 4 4
59 4 5
59 4 6
59 4 7
31 0 0
31 0 1
31 0 2
31 0 3
31 0 4
31 0 5
31 0 6
35 11 13
35 12 10
31 0 7
31 0 8
31 0 9
31 0 10
31 0 11
31 0 12
31 0 13
31 0 14
31 0 15
31 0 16
31 0 17
31 0 18
31 0 19
31 0 20
31 0 21
31 0 22
31 0 23
31 0 24
31 0 25
31 1 0
31 1 1
31 1 2
31 1 3
31 1 4
31 1 5
31 1 6
31 1 7
31 1 8
31 1 9
31 1 10
31 1 11
35 12 8
31 1 12
31 1 13
31 1 14
31 1 15
31 1 16
31 1 17
31 1 18
31 1 19
35 12 6
31 1 20
31 1 21
31 1 22
31 1 23
31 1 24
31 1 25
31 2 0
31 2 1
31 2 2
31 2 3
31 2 4
31 2 5
31 2 6
31 2 7
31 2 8
31 2 9
31 2 10
31 2 11
31 2 12
31 2 13
35 12 4
31 2 14
31 2 15
31 2 16
31 2 17
31 2 18
31 2 19
31 2 20
31 2 21
31 2 22
31 2 23
31 2 24
31 2 25
31 3 0
31 3 1
31 3 2
31 3 3
31 3 4
31 3 5
31 3 6
31 3 7
31 3 8
31 3 9
31 3 10
35 12 2
35 12 0
31 3 11
31 3 12
31 3 13
31 3 14
31 3 15
35 10 12
31 3 16
31 3 17
31 3 18
31 3 19
35 10 13
31 3 20
31 3 21
31 3 22
31 3 23
31 3 24
31 3 25
31 4 0
31 4 1
31 4 2
35 11 0
31 4 3
35 11 1
31 4 4
31 4 5
31 4 6
31 4 7
31 4 8
31 4 9
31 4 10
31 4 11
31 4 12
31 4 13
31 4 14
31 4 15
31 4 16
31 4 17
35 11 2
31 4 18
31 4 19
31 4 20
35 11 3
31 4 21
35 11 4
35 11 5
31 4 22
35 11 6
35 11 7
31 4 23
31 4 24
31 4 25
31 5 0
31 5 1
31 5 2
31 5 3
31 5 4
31 5 5
35 11 8
31 5 6
31 5 7
31 5 8
31 5 9
31 5 10
31 5 11
31 5 12
31 5 13
31 5 14
31 5 15
31 5 16
31 5 17
31 5 18
31 5 19
31 5 20
31 5 21
31 5 22
31 5 23
31 5 24
35 11 9
35 11 10
31 5 25
31 6 0
35 11 11
31 6 1
35 11 12
31 6 2
31 6 3
31 6 4
31 6 5
31 6 6
31 6 7
31 6 8
31 6 9
31 6 10
35 12 1
31 6 11
35 12 3
31 6 12
31 6 13
31 6 14
31 6 15
31 6 16
31 6 17
31 6 18
31 6 19
31 6 20
31 6 21
31 6 22
31 6 23
31 6 24
31 6 25
35 0 11
35 0 12
35 0 13
35 1 11
35 1 12
35 1 13
35 2 11
35 2 12
35 2 13
35 3 11
35 3 12
35 3 13
35 4 11
35 4 12
35 4 13
35 5 11
35 5 12
35 5 13
35 6 11
35 6 12
35 6 13
35 7 11
35 7 12
35 7 13
35 8 11
35 8 12
35 8 13
35 9 11
35 9 12
35 9 13
35 10 0
35 10 1
35 10 2
35 10 3
35 10 4
35 12 5
35 12 7
35 10 5
35 10 6
35 12 9
35 10 7
35 12 11
35 10 8
35 10 9
35 12 12
35 10 10
35 10 11
35 12 13
6 0 0
6 0 1
6 0 2
18 7 15
6 0 3
6 0 4
6 0 5
6 0 6
6 0 7
6 0 8
6 0 9
6 0 10
18 7 17
6 0 11
6 0 12
6 0 13
6 0 14
6 0 15
6 1 0
6 1 1
6 1 2
6 1 3
6 1 4
6 1 5
6 1 6
18 7 13
6 1 7
6 1 8
6 1 9
18 8 11
6 1 10
6 1 11
6 1 12
6 1 13
6 1 14
6 1 15
6 2 0
6 2 1
6 2 2
6 2 3
6 2 4
6 2 5
6 2 6
6 2 7
6 2 8
6 2 9
6 2 10
6 2 11
18 5 18
6 2 12
18 6 13
6 2 13
6 2 14
6 2 15
18 6 14
6 3 0
6 3 1
6 3 2
6 3 3
6 3 4
6 3 5
18 6 15
6 3 6
6 3 7
6 3 8
6 3 9
6 3 10
6 3 11
6 3 12
6 3 13
6 3 14
6 3 15
6 4 0
6 4 1
6 4 2
6 4 3
6 4 4
6 4 5
6 4 6
6 4 7
6 4 8
6 4 9
6 4 10
6 4 11
6 4 12
6 4 13
6 4 14
6 4 15
6 5 0
6 5 1
6 5 2
18 6 16
6 5 3
6 5 4
6 5 5
6 5 6
6 5 7
18 6 17
6 5 8
6 5 9
6 5 10
6 5 11
6 5 12
6 5 13
6 5 14
6 5 15
6 6 0
6 6 1
6 6 2
6 6 3
6 6 4
18 6 18
6 6 5
6 6 6
6 6 7
6 6 8
6 6 9
6 6 10
6 6 11
6 6 12
18 7 14
6 6 13
6 6 14
6 6 15
6 7 0
6 7 1
6 7 2
6 7 3
6 7 4
6 7 5
6 7 6
6 7 7
6 7 8
6 7 9
6 7 10
6 7 11
6 7 12
6 7 13
6 7 14
18 7 16
6 7 15
6 8 0
6 8 1
6 8 2
6 8 3
6 8 4
6 8 5
6 8 6
6 8 7
6 8 8
6 8 9
18 7 18
6 8 10
6 8 11
6 8 12
6 8 13
6 8 14
6 8 15
6 9 0
6 9 1
6 9 2
6 9 3
18 8 10
6 9 4
6 9 5
6 9 6
6 9 7
6 9 8
6 9 9
6 9 10
6 9 11
6 9 12
6 9 13
6 9 14
6 9 15
6 10 0
6 10 1
18 8 12
6 10 2
6 10 3
18 8 13
6 10 4
6 10 5
6 10 6
6 10 7
6 10 8
6 10 9
6 10 10
6 10 11
6 10 12
6 10 13
6 10 14
6 10 15
18 0 13
18 0 14
18 0 15
18 8 14
18 0 16
18 0 17
18 0 18
18 1 13
18 1 14
18 1 15
18 1 16
18 1 17
18 1 18
18 2 13
18 2 14
18 2 15
18 2 16
18 8 15
18 2 17
18 2 18
18 3 13
18 3 14
18 3 15
18 3 16
18 3 17
18 8 16
18 3 18
18 4 13
18 4 14
18 4 15
18 8 17
18 4 16
18 4 17
18 4 18
18 5 13
18 5 14
18 8 18
18 5 15
18 5 16
18 5 17
23 6 16
48 0 0
48 0 1
48 0 2
23 6 18
48 0 3
48 0 4
48 0 5
48 0 6
23 6 14
48 0 7
48 0 8
48 0 9
48 0 10
48 1 0
23 6 12
48 1 1
48 1 2
23 6 10
48 1 3
48 1 4
48 1 5
48 1 6
48 1 7
48 1 8
48 1 9
48 1 10
23 7 5
48 2 0
48 2 1
48 2 2
48 2 3
48 2 4
48 2 5
48 2 6
48 2 7
48 2 8
48 2 9
23 7 3
48 2 10
48 3 0
48 3 1
48 3 2
48 3 3
48 3 4
48 3 5
48 3 6
48 3 7
23 7 0
48 3 8
48 3 9
48 3 10
48 4 0
48 4 1
48 4 2
23 6 15
48 4 3
48 4 4
48 4 5
48 4 6
48 4 7
48 4 8
48 4 9
48 4 10
48 5 0
48 5 1
48 5 2
48 5 3
48 5 4
48 5 5
48 5 6
48 5 7
48 5 8
48 5 9
48 5 10
48 6 0
48 6 1
48 6 2
23 6 17
48 6 3
48 6 4
48 6 5
48 6 6
48 6 7
48 6 8
48 6 9
48 6 10
48 7 0
23 7 2
48 7 1
48 7 2
48 7 3
48 7 4
48 7 5
48 7 6
48 7 7
48 7 8
48 7 9
48 7 10
48 8 0
48 8 1
48 8 2
48 8 3
23 7 10
48 8 4
48 8 5
23 7 11
23 7 12
48 8 6
48 8 7
48 8 8
23 7 13
48 8 9
48 8 10
48 9 0
48 9 1
48 9 2
48 9 3
48 9 4
48 9 5
48 9 6
48 9 7
48 9 8
23 0 14
23 0 15
23 0 16
23 0 17
23 0 18
23 0 19
23 7 14
23 1 14
23 1 15
23 1 16
23 1 17
23 7 16
23 1 18
23 7 18
23 1 19
23 2 14
23 2 15
23 2 16
23 2 17
23 2 18
23 2 19
23 3 14
23 3 15
23 3 16
23 3 17
23 3 18
23 3 19
23 4 14
23 4 15
23 4 16
23 4 17
23 4 18
37 0 0
37 0 1
37 0 2
37 0 3
37 0 4
37 0 5
37 0 6
37 0 7
37 0 8
37 0 9
37 0 10
37 0 11
37 0 12
37 1 0
37 1 1
37 1 2
37 1 3
37 1 4
37 1 5
37 1 6
30 7 15
37 1 7
37 1 8
37 1 9
37 1 10
37 1 11
37 1 12
30 7 13
37 2 0
37 2 1
37 2 2
37 2 3
37 2 4
37 2 5
37 2 6
37 2 7
37 2 8
37 2 9
37 2 10
37 2 11
37 2 12
37 3 0
30 7 17
37 3 1
37 3 2
30 5 18
37 3 3
37 3 4
37 3 5
37 3 6
37 3 7
37 3 8
37 3 9
37 3 10
37 3 11
37 3 12
37 4 0
37 4 1
37 4 2
37 4 3
37 4 4
37 4 5
37 4 6
37 4 7
37 4 8
37 4 9
37 4 10
37 4 11
37 4 12
37 5 0
37 5 1
37 5 2
37 5 3
37 5 4
37 5 5
37 5 6
37 5 7
37 5 8
37 5 9
37 5 10
37 5 11
37 5 12
37 6 0
37 6 1
37 6 2
37 6 3
37 6 4
37 6 5
37 6 6
37 6 7
37 6 8
37 6 9
37 6 10
37 6 11
30 6 12
37 6 12
37 7 0
30 6 13
37 7 1
37 7 2
37 7 3
37 7 4
37 7 5
37 7 6
37 7 7
37 7 8
37 7 9
37 7 10
37 7 11
37 7 12
37 8 0
37 8 1
37 8 2
37 8 3
37 8 4
37 8 5
37 8 6
37 8 7
37 8 8
37 8 9
37 8 10
30 6 14
37 8 11
37 8 12
37 9 0
37 9 1
30 6 15
37 9 2
37 9 3
37 9 4
37 9 5
30 6 16
37 9 6
37 9 7
37 9 8
37 9 9
37 9 10
37 9 11
37 9 12
37 10 0
37 10 1
37 10 2
37 10 3
30 6 17
37 10 4
37 10 5
37 10 6
37 10 7
37 10 8
37 10 9
37 10 10
37 10 11
37 10 12
37 11 0
37 11 1
37 11 2
37 11 3
37 11 4
37 11 5
37 11 6
37 11 7
37 11 8
37 11 9
37 11 10
37 11 11
37 11 12
30 0 12
30 0 13
30 6 18
30 0 14
30 0 15
30 0 16
30 0 17
30 7 12
30 0 18
30 1 12
30 1 13
30 1 14
30 1 15
30 1 16
30 1 17
30 1 18
30 2 12
30 2 13
30 2 14
30 2 15
30 2 16
30 2 17
30 2 18
30 3 12
30 3 13
30 3 14
30 3 15
30 3 16
30 3 17
30 3 18
30 4 12
30 7 14
30 4 13
30 4 14
30 4 15
30 4 16
30 4 17
30 4 18
30 5 12
30 7 16
30 5 13
30 5 14
30 5 15
30 5 16
30 5 17
30 7 18
27 0 0
27 0 1
27 0 2
27 0 3
27 0 4
36 14 15
27 0 5
27 0 6
27 0 7
27 0 8
27 0 9
27 0 10
27 0 11
36 11 9
27 0 12
27 0 13
27 0 14
27 0 15
27 0 16
27 0 17
27 0 18
27 0 19
27 0 20
27 0 21
27 0 22
27 0 23
27 0 24
27 0 25
27 0 26
27 0 27
27 0 28
27 0 29
36 13 9
36 11 7
27 0 30
27 1 0
27 1 1
27 1 2
27 1 3
27 1 4
27 1 5
27 1 6
27 1 7
27 1 8
27 1 9
27 1 10
27 1 11
27 1 12
27 1 13
27 1 14
27 1 15
27 1 16
27 1 17
27 1 18
27 1 19
27 1 20
27 1 21
27 1 22
27 1 23
27 1 24
27 1 25
27 1 26
36 13 7
27 1 27
27 1 28
27 1 29
27 1 30
36 11 5
27 2 0
27 2 1
27 2 2
27 2 3
27 2 4
27 2 5
27 2 6
27 2 7
36 13 5
36 12 3
27 2 8
27 2 9
27 2 10
27 2 11
27 2 12
27 2 13
27 2 14
27 2 15
27 2 16
27 2 17
27 2 18
27 2 19
27 2 20
27 2 21
27 2 22
27 2 23
27 2 24
27 2 25
27 2 26
27 2 27
27 2 28
27 2 29
27 2 30
27 3 0
27 3 1
27 3 2
27 3 3
27 3 4
27 3 5
27 3 6
27 3 7
27 3 8
27 3 9
27 3 10
27 3 11
27 3 12
27 3 13
27 3 14
27 3 15
27 3 16
27 3 17
27 3 18
36 14 3
27 3 19
27 3 20
27 3 21
27 3 22
27 3 23
27 3 24
27 3 25
36 12 1
27 3 26
27 3 27
27 3 28
27 3 29
27 3 30
36 14 1
27 4 0
27 4 1
27 4 2
27 4 3
27 4 4
27 4 5
36 11 8
27 4 6
27 4 7
27 4 8
27 4 9
27 4 10
27 4 11
36 11 10
27 4 12
27 4 13
27 4 14
27 4 15
27 4 16
36 12 0
27 4 17
27 4 18
27 4 19
27 4 20
27 4 21
27 4 22
27 4 23
27 4 24
27 4 25
27 4 26
27 4 27
27 4 28
27 4 29
36 12 2
36 12 4
27 4 30
27 5 0
27 5 1
27 5 2
27 5 3
27 5 4
27 5 5
27 5 6
27 5 7
27 5 8
27 5 9
27 5 10
27 5 11
27 5 12
27 5 13
27 5 14
27 5 15
27 5 16
27 5 17
36 12 5
27 5 18
27 5 19
27 5 20
27 5 21
27 5 22
27 5 23
27 5 24
27 5 25
27 5 26
27 5 27
36 12 6
36 12 7
27 5 28
27 5 29
27 5 30
27 6 0
27 6 1
27 6 2
27 6 3
27 6 4
27 6 5
27 6 6
27 6 7
27 6 8
27 6 9
27 6 10
27 6 11
27 6 12
27 6 13
27 6 14
27 6 15
27 6 16
36 12 9
27 6 17
27 6 18
27 6 19
27 6 20
36 13 1
36 13 3
27 6 21
27 6 22
27 6 23
27 6 24
36 13 8
36 13 10
27 6 25
27 6 26
27 6 27
36 13 15
27 6 28
27 6 29
27 6 30
27 7 0
27 7 1
27 7 2
27 7 3
27 7 4
27 7 5
27 7 6
27 7 7
27 7 8
27 7 9
27 7 10
27 7 11
36 14 0
27 7 12
27 7 13
27 7 14
27 7 15
27 7 16
27 7 17
27 7 18
27 7 19
36 14 2
27 7 20
36 14 4
36 14 5
27 7 21
27 7 22
27 7 23
27 7 24
27 7 25
27 7 26
27 7 27
27 7 28
27 7 29
27 7 30
27 8 0
27 8 1
27 8 2
27 8 3
27 8 4
27 8 5
36 14 6
27 8 6
27 8 7
27 8 8
27 8 9
27 8 10
27 8 11
27 8 12
27 8 13
27 8 14
36 14 7
27 8 15
27 8 16
27 8 17
27 8 18
27 8 19
27 8 20
27 8 21
36 14 9
27 8 22
27 8 23
27 8 24
27 8 25
27 8 26
27 8 27
27 8 28
27 8 29
27 8 30
36 7 11
36 7 12
36 7 13
36 7 14
36 7 15
36 7 16
36 8 11
36 8 12
36 8 13
36 8 14
36 8 15
36 8 16
36 9 11
36 9 12
36 9 13
36 9 14
36 9 15
36 14 11
36 9 16
36 10 11
36 10 12
36 10 13
36 10 14
36 10 15
36 14 13
36 10 16
36 11 11
36 14 14
36 11 12
36 11 13
36 11 14
36 11 15
36 11 16
36 12 11
36 12 12
36 12 13
36 12 14
36 12 15
36 12 16
36 13 11
36 14 16
36 13 12
36 13 13
7 6 5
40 0 0
7 7 3
40 0 1
40 0 2
7 7 1
40 0 3
7 4 8
40 0 4
40 0 5
40 0 6
7 6 7
40 0 7
40 0 8
40 0 9
40 0 10
40 0 11
40 0 12
7 8 5
40 0 13
40 0 14
40 1 0
40 1 1
40 1 2
40 1 3
40 1 4
40 1 5
40 1 6
40 1 7
40 1 8
40 1 9
7 8 7
40 1 10
40 1 11
7 6 9
40 1 12
40 1 13
40 1 14
40 2 0
40 2 1
40 2 2
40 2 3
40 2 4
40 2 5
40 2 6
40 2 7
40 2 8
40 2 9
40 2 10
40 2 11
40 2 12
40 2 13
40 2 14
7 4 10
40 3 0
40 3 1
40 3 2
40 3 3
40 3 4
40 3 5
40 3 6
40 3 7
40 3 8
40 3 9
40 3 10
40 3 11
40 3 12
40 3 13
40 3 14
40 4 0
40 4 1
40 4 2
40 4 3
40 4 4
40 4 5
40 4 6
40 4 7
40 4 8
40 4 9
40 4 10
40 4 11
40 4 12
40 4 13
40 4 14
40 5 0
40 5 1
40 5 2
40 5 3
7 8 9
40 5 4
40 5 5
40 5 6
7 6 11
40 5 7
40 5 8
40 5 9
40 5 10
40 5 11
40 5 12
40 5 13
40 5 14
40 6 0
40 6 1
40 6 2
40 6 3
40 6 4
7 3 12
40 6 5
40 6 6
40 6 7
7 1 12
40 6 8
40 6 9
40 6 10
40 6 11
40 6 12
40 6 13
40 6 14
40 7 0
40 7 1
40 7 2
40 7 3
40 7 4
40 7 5
40 7 6
40 7 7
7 8 11
40 7 8
40 7 9
40 7 10
40 7 11
40 7 12
40 7 13
40 7 14
40 8 0
40 8 1
40 8 2
40 8 3
40 8 4
7 5 13
40 8 5
40 8 6
40 8 7
40 8 8
40 8 9
40 8 10
40 8 11
40 8 12
40 8 13
7 7 13
40 8 14
7 0 12
7 0 0
7 0 1
7 0 2
7 0 3
7 0 13
7 0 4
7 0 5
7 0 6
7 1 0
7 1 1
7 1 2
7 1 3
7 1 4
7 1 5
7 1 6
7 2 0
7 2 1
7 2 2
7 2 3
7 2 4
7 2 5
7 2 6
7 3 0
7 1 13
7 3 1
7 2 12
7 3 2
7 3 3
7 3 4
7 3 5
7 3 6
7 4 0
7 4 1
7 4 2
7 2 13
7 4 3
7 4 4
7 4 5
7 4 6
7 3 13
7 4 9
7 5 0
7 5 1
7 5 2
7 5 3
5 0 0
5 0 1
5 0 2
5 0 3
5 0 4
5 0 5
5 0 6
5 0 7
5 0 8
5 0 9
5 0 10
5 0 11
5 0 12
5 0 13
5 0 14
5 0 15
5 0 16
5 1 0
5 1 1
5 1 2
5 1 3
5 1 4
5 1 5
5 1 6
5 1 7
5 1 8
5 1 9
5 1 10
5 1 11
5 1 12
5 1 13
32 8 22
5 1 14
5 1 15
5 1 16
5 2 0
5 2 1
5 2 2
5 2 3
5 2 4
5 2 5
5 2 6
5 2 7
5 2 8
5 2 9
32 8 24
5 2 10
5 2 11
5 2 12
5 2 13
5 2 14
5 2 15
5 2 16
5 3 0
5 3 1
5 3 2
5 3 3
5 3 4
5 3 5
5 3 6
5 3 7
5 3 8
5 3 9
5 3 10
5 3 11
5 3 12
5 3 13
5 3 14
32 8 26
5 3 15
5 3 16
5 4 0
5 4 1
5 4 2
5 4 3
5 4 4
32 9 20
5 4 5
5 4 6
5 4 7
5 4 8
5 4 9
5 4 10
5 4 11
5 4 12
5 4 13
32 9 18
5 4 14
5 4 15
5 4 16
5 5 0
5 5 1
5 5 2
32 8 16
5 5 3
5 5 4
5 5 5
5 5 6
32 8 14
5 5 7
5 5 8
5 5 9
5 5 10
5 5 11
5 5 12
5 5 13
5 5 14
5 5 15
5 5 16
5 6 0
5 6 1
5 6 2
5 6 3
5 6 4
5 6 5
5 6 6
5 6 7
5 6 8
5 6 9
5 6 10
5 6 11
32 8 12
5 6 12
5 6 13
5 6 14
5 6 15
5 6 16
5 7 0
5 7 1
5 7 2
5 7 3
5 7 4
5 7 5
32 8 10
5 7 6
5 7 7
5 7 8
5 7 9
5 7 10
5 7 11
5 7 12
32 9 8
5 7 13
32 9 6
5 7 14
32 9 3
5 7 15
5 7 16
5 8 0
5 8 1
5 8 2
32 9 1
5 8 3
5 8 4
5 8 5
5 8 6
5 8 7
5 8 8
32 8 9
5 8 9
5 8 10
5 8 11
5 8 12
5 8 13
5 8 14
5 8 15
5 8 16
5 9 0
5 9 1
5 9 2
5 9 3
5 9 4
32 8 11
5 9 5
5 9 6
5 9 7
5 9 8
5 9 9
32 8 13
5 9 10
5 9 11
32 8 15
5 9 12
32 8 18
5 9 13
5 9 14
5 9 15
5 9 16
5 10 0
5 10 1
5 10 2
5 10 3
5 10 4
5 10 5
5 10 6
5 10 7
5 10 8
5 10 9
5 10 10
5 10 11
5 10 12
5 10 13
5 10 14
5 10 15
5 10 16
5 11 0
32 8 20
5 11 1
5 11 2
5 11 3
5 11 4
5 11 5
5 11 6
5 11 7
5 11 8
5 11 9
5 11 10
5 11 11
5 11 12
5 11 13
5 11 14
5 11 15
5 11 16
5 12 0
5 12 1
5 12 2
5 12 3
5 12 4
5 12 5
5 12 6
5 12 7
32 8 21
5 12 8
5 12 9
5 12 10
5 12 11
5 12 12
5 12 13
5 12 14
5 12 15
5 12 16
5 13 0
5 13 1
5 13 2
5 13 3
5 13 4
5 13 5
5 13 6
5 13 7
5 13 8
5 13 9
5 13 10
5 13 11
5 13 12
5 13 13
5 13 14
5 13 15
5 13 16
5 14 0
5 14 1
32 8 23
5 14 2
5 14 3
5 14 4
32 8 25
32 9 5
5 14 5
5 14 6
5 14 7
32 9 7
5 14 8
5 14 9
5 14 10
5 14 11
5 14 12
32 9 9
5 14 13
5 14 14
5 14 15
5 14 16
5 15 0
5 15 1
32 9 11
5 15 2
32 9 13
5 15 3
5 15 4
5 15 5
5 15 6
5 15 7
5 15 8
5 15 9
5 15 10
5 15 11
5 15 12
5 15 13
5 15 14
5 15 15
5 15 16
5 16 0
5 16 1
5 16 2
5 16 3
5 16 4
5 16 5
5 16 6
5 16 7
5 16 8
5 16 9
5 16 10
5 16 11
5 16 12
5 16 13
5 16 14
5 16 15
5 16 16
32 0 19
32 0 20
32 0 21
32 0 22
32 0 23
32 0 24
32 0 25
32 0 26
32 1 19
32 1 20
32 1 21
32 1 22
32 1 23
32 1 24
32 9 15
32 1 25
32 1 26
32 2 19
32 2 20
32 2 21
32 2 22
32 9 16
32 9 17
32 2 23
32 2 24
32 2 25
32 2 26
32 3 19
32 3 20
32 3 21
32 3 22
32 9 19
32 3 23
32 3 24
32 3 25
32 3 26
32 4 19
32 9 22
32 9 24
32 4 20
32 4 21
32 4 22
32 4 23
32 4 24
32 4 25
32 4 26
32 5 19
32 5 20
32 5 21
32 9 26
32 5 22
32 5 23
32 9 27
32 5 24
32 5 25
32 5 26
32 6 19
32 6 20
32 6 21
32 6 22
32 6 23
32 6 24
32 6 25
32 6 26
32 7 19
64 0 21
64 0 22
64 0 23
64 0 24
64 0 25
64 0 26
64 0 27
64 0 28
64 0 29
64 0 30
64 1 21
64 1 22
64 1 23
64 1 24
64 1 25
64 1 26
64 1 27
64 1 28
4 7 10
64 1 29
64 1 30
64 2 21
64 2 22
64 2 23
64 2 24
64 2 25
64 2 26
64 2 27
64 2 28
64 2 29
64 2 30
4 6 12
64 3 21
64 3 22
64 3 23
64 3 24
64 3 25
64 3 26
64 3 27
64 3 28
64 3 29
64 3 30
64 4 21
64 4 22
64 4 23
4 6 14
64 4 24
64 4 25
64 4 26
64 4 27
64 4 28
64 4 29
4 3 16
64 4 30
4 5 16
64 5 21
4 1 16
64 5 22
64 5 23
64 5 24
64 5 25
4 7 16
64 5 26
64 5 27
4 3 18
64 5 28
64 5 29
64 5 30
64 6 21
64 6 22
64 6 23
64 6 24
64 6 25
64 6 26
64 6 27
64 6 28
64 6 29
64 6 30
64 7 21
64 7 22
64 7 23
64 7 24
64 7 25
64 7 26
64 7 27
64 7 28
64 7 29
64 7 30
64 8 21
64 8 22
64 8 23
64 8 24
64 8 25
64 8 26
4 5 18
64 8 27
64 8 28
64 8 29
64 8 30
64 9 21
64 9 22
64 9 23
64 9 24
64 9 25
64 9 26
64 9 27
64 9 28
64 9 29
64 9 30
64 10 21
64 10 22
64 10 23
64 10 24
64 10 25
64 10 26
64 10 27
64 10 28
64 10 29
64 10 30
64 11 21
4 1 18
64 11 22
64 11 23
64 11 24
64 11 25
64 11 26
64 11 27
64 11 28
4 7 18
64 11 29
64 11 30
64 12 21
64 12 22
64 12 23
64 12 24
64 12 25
64 12 26
64 12 27
64 12 28
64 12 29
64 12 30
64 13 21
64 13 22
64 13 23
64 13 24
64 13 25
64 13 26
64 13 27
4 3 20
64 13 28
64 13 29
64 13 30
64 14 21
64 14 22
64 14 23
64 14 24
64 14 25
64 14 26
64 14 27
4 5 20
64 14 28
64 14 29
64 14 30
64 15 21
4 1 20
64 15 22
64 15 23
64 15 24
64 15 25
64 15 26
64 15 27
64 15 28
64 15 29
64 15 30
64 16 21
64 16 22
64 16 23
64 16 24
64 16 25
64 16 26
64 16 27
64 16 28
64 16 29
64 16 30
64 17 21
64 17 22
4 7 20
64 17 23
64 17 24
64 17 25
64 17 26
64 17 27
64 17 28
64 17 29
64 17 30
64 18 21
64 18 22
64 18 23
64 18 24
64 18 25
64 18 26
4 3 22
64 18 27
64 18 28
64 18 29
64 18 30
64 19 21
64 19 22
64 19 23
64 19 24
64 19 25
64 19 26
64 19 27
64 19 28
64 19 29
64 19 30
64 20 21
64 20 22
64 20 23
64 20 24
64 20 25
64 20 26
64 20 27
64 20 28
4 0 0
4 0 1
4 0 2
4 0 3
4 0 4
4 0 5
4 0 6
4 0 7
4 0 8
4 1 0
4 1 1
4 1 2
4 1 3
4 1 4
4 1 5
4 1 6
4 1 7
4 1 8
4 2 0
4 2 1
4 2 2
4 2 3
4 2 4
4 5 22
4 2 5
4 1 22
4 2 6
4 2 7
4 2 8
4 3 0
4 3 1
4 7 22
4 3 2
4 3 3
4 3 4
4 3 5
4 3 6
4 3 7
4 3 8
4 4 0
4 4 1
4 4 2
4 4 3
4 4 4
4 4 5
4 4 6
4 4 7
4 4 8
4 5 0
4 5 1
4 5 2
4 5 3
4 3 24
4 5 4
4 5 5
4 5 6
4 5 7
4 5 8
4 6 0
4 6 1
4 6 2
4 6 3
4 6 4
4 6 5
4 6 6
4 6 7
4 6 8
4 7 0
4 7 1
4 7 2
4 7 3
30 0 0
30 0 1
17 2 8
30 0 2
17 0 8
30 0 3
30 0 4
30 0 5
30 0 6
30 0 7
30 0 8
30 0 9
30 0 10
30 0 11
17 4 8
30 1 0
30 1 1
17 2 10
30 1 2
17 0 10
30 1 3
17 4 10
30 1 4
30 1 5
30 1 6
17 2 12
17 0 12
30 1 7
30 1 8
30 1 9
30 1 10
30 1 11
30 2 0
30 2 1
30 2 2
30 2 3
30 2 4
30 2 5
30 2 6
30 2 7
30 2 8
30 2 9
30 2 10
17 4 12
30 2 11
30 3 0
30 3 1
30 3 2
30 3 3
30 3 4
30 3 5
30 3 6
30 3 7
30 3 8
30 3 9
30 3 10
30 3 11
30 4 0
30 4 1
30 4 2
17 2 14
30 4 3
30 4 4
30 4 5
30 4 6
30 4 7
30 4 8
30 4 9
30 4 10
30 4 11
30 5 0
30 5 1
30 5 2
30 5 3
17 0 14
30 5 4
30 5 5
30 5 6
30 5 7
30 5 8
30 5 9
30 5 10
30 5 11
17 4 14
30 6 0
30 6 1
17 2 16
30 6 2
30 6 3
30 6 4
30 6 5
30 6 6
30 6 7
30 6 8
30 6 9
30 6 10
17 0 16
30 6 11
30 7 0
30 7 1
30 7 2
30 7 3
30 7 4
30 7 5
30 7 6
30 7 7
30 7 8
30 7 9
30 7 10
30 7 11
17 0 0
17 0 1
17 0 2
17 0 3
17 0 4
17 0 5
17 0 6
17 4 16
17 1 0
17 1 1
17 1 2
17 1 3
17 1 4
17 1 5
17 2 18
17 0 18
17 1 6
17 2 0
17 2 1
17 2 2
17 2 3
17 2 4
17 2 5
17 2 6
17 3 0
17 4 18
17 3 1
17 3 2
17 3 3
17 3 4
17 0 7
17 3 5
17 3 6
17 4 0
17 4 1
17 4 2
17 4 3
64 0 0
64 0 1
64 0 2
64 0 3
64 0 4
64 0 5
64 0 6
64 0 7
64 0 8
64 22 10
64 0 9
64 0 10
64 22 8
64 0 11
64 0 12
64 0 13
64 0 14
64 0 15
64 0 16
64 0 17
64 0 18
64 0 19
64 0 20
64 1 0
64 1 1
64 1 2
64 1 3
64 1 4
64 1 5
64 1 6
64 1 7
64 1 8
64 1 9
64 1 10
64 1 11
64 1 12
64 1 13
64 1 14
64 1 15
64 1 16
64 1 17
64 1 18
64 1 19
64 1 20
64 2 0
64 2 1
64 2 2
64 2 3
64 2 4
64 2 5
64 2 6
64 2 7
64 2 8
64 2 9
64 2 10
64 2 11
64 2 12
64 2 13
64 22 12
64 2 14
64 2 15
64 2 16
64 2 17
64 2 18
64 2 19
64 2 20
64 3 0
64 3 1
64 3 2
64 3 3
64 3 4
64 3 5
64 3 6
64 3 7
64 3 8
64 3 9
64 3 10
64 3 11
64 3 12
64 3 13
64 3 14
64 3 15
64 3 16
64 3 17
64 3 18
64 3 19
64 3 20
64 4 0
64 4 1
64 4 2
64 4 3
64 4 4
64 22 6
64 4 5
64 4 6
64 4 7
64 4 8
64 22 14
64 4 9
64 4 10
64 4 11
64 4 12
64 4 13
64 4 14
64 4 15
64 4 16
64 4 17
64 4 18
64 4 19
64 4 20
64 5 0
64 5 1
64 5 2
64 22 4
64 5 3
64 5 4
64 5 5
64 5 6
64 5 7
64 5 8
64 5 9
64 5 10
64 5 11
64 5 12
64 5 13
64 5 14
64 5 15
64 5 16
64 5 17
64 5 18
64 5 19
64 5 20
64 22 16
64 6 0
64 6 1
64 6 2
64 6 3
64 6 4
64 22 2
64 6 5
64 6 6
64 6 7
64 6 8
64 22 18
64 6 9
64 6 10
64 6 11
64 6 12
64 6 13
64 6 14
64 6 15
64 6 16
64 6 17
64 6 18
64 6 19
64 6 20
64 22 20
64 7 0
64 7 1
64 7 2
64 7 3
64 7 4
64 7 5
64 7 6
64 7 7
64 7 8
64 7 9
64 7 10
64 7 11
64 7 12
64 7 13
64 7 14
64 23 0
64 7 15
64 7 16
64 22 22
64 7 17
64 7 18
64 7 19
64 22 24
64 7 20
64 8 0
64 8 1
64 8 2
64 8 3
64 8 4
64 8 5
64 8 6
64 8 7
64 8 8
64 8 9
64 8 10
64 8 11
64 22 26
64 8 12
64 8 13
64 8 14
64 8 15
64 8 16
64 8 17
64 8 18
64 8 19
64 8 20
64 9 0
64 9 1
64 9 2
64 9 3
64 9 4
64 9 5
64 22 28
64 9 6
64 22 30
64 9 7
64 9 8
64 22 3
64 9 9
64 9 10
64 9 11
64 9 12
64 9 13
64 9 14
64 9 15
64 9 16
64 9 17
64 9 18
64 9 19
64 9 20
64 10 0
64 10 1
64 10 2
64 10 3
64 10 4
64 10 5
64 10 6
64 10 7
64 10 8
64 10 9
64 10 10
64 10 11
64 10 12
64 10 13
64 10 14
64 10 15
64 10 16
64 10 17
64 10 18
64 10 19
64 10 20
64 11 0
64 11 1
64 11 2
64 11 3
64 11 4
64 11 5
64 11 6
64 11 7
64 11 8
64 11 9
64 11 10
64 11 11
64 11 12
64 11 13
64 11 14
64 11 15
64 11 16
64 11 17
64 11 18
64 11 19
64 11 20
64 12 0
64 12 1
64 22 5
64 12 2
64 12 3
64 12 4
64 12 5
64 12 6
64 12 7
64 12 8
64 12 9
64 12 10
64 12 11
64 12 12
64 12 13
64 12 14
64 12 15
64 12 16
64 12 17
64 12 18
64 12 19
64 12 20
64 13 0
64 13 1
64 13 2
64 13 3
64 13 4
64 13 5
64 13 6
64 13 7
64 13 8
64 13 9
64 13 10
64 13 11
64 13 12
64 13 13
64 13 14
64 13 15
64 13 16
64 13 17
64 22 7
64 13 18
64 13 19
64 13 20
64 14 0
64 14 1
64 22 9
64 14 2
64 14 3
64 14 4
64 14 5
64 14 6
64 14 7
64 14 8
64 14 9
64 14 10
64 14 11
64 14 12
64 14 13
64 22 11
64 14 14
64 14 15
64 14 16
64 14 17
64 14 18
64 14 19
64 14 20
64 15 0
64 15 1
64 15 2
64 15 3
64 15 4
64 15 5
64 15 6
64 15 7
64 22 13
64 15 8
64 15 9
64 15 10
64 15 11
64 15 12
64 15 13
64 15 14
64 15 15
64 15 16
64 22 15
64 22 17
64 15 17
64 15 18
64 15 19
64 15 20
64 16 0
64 22 19
64 16 1
64 16 2
64 16 3
64 16 4
64 16 5
64 22 21
64 16 6
64 16 7
64 16 8
64 16 9
64 16 10
64 16 11
64 16 12
64 16 13
64 16 14
64 16 15
64 16 16
64 16 17
64 16 18
64 16 19
64 16 20
64 17 0
64 22 23
64 17 1
64 17 2
64 17 3
64 17 4
64 17 5
64 17 6
64 17 7
64 17 8
64 17 9
64 17 10
64 17 11
64 17 12
64 17 13
64 17 14
64 17 15
64 17 16
64 17 17
64 17 18
64 17 19
64 17 20
64 18 0
64 18 1
64 18 2
64 22 25
64 18 3
64 18 4
64 18 5
64 18 6
64 18 7
64 18 8
64 18 9
64 18 10
64 18 11
64 18 12
64 18 13
64 18 14
64 22 27
64 18 15
64 18 16
64 18 17
64 18 18
64 18 19
64 18 20
64 19 0
64 19 1
64 19 2
64 19 3
64 19 4
64 19 5
64 19 6
64 19 7
64 19 8
64 19 9
64 19 10
64 19 11
64 19 12
64 19 13
64 19 14
64 19 15
64 19 16
64 19 17
64 19 18
64 19 19
1 0 0
1 0 1
1 0 2
1 0 3
1 0 4
1 0 5
1 0 6
1 0 7
1 0 8
1 0 9
1 0 10
1 0 11
1 0 12
1 0 13
1 0 14
1 1 0
1 1 1
1 1 2
1 1 3
1 1 4
1 1 5
1 1 6
1 1 7
1 1 8
1 1 9
46 6 6
1 1 10
1 1 11
1 1 12
1 1 13
1 1 14
1 2 0
1 2 1
1 2 2
1 2 3
1 2 4
1 2 5
46 5 8
1 2 6
1 2 7
1 2 8
1 2 9
1 2 10
1 2 11
1 2 12
1 2 13
1 2 14
1 3 0
1 3 1
46 5 10
1 3 2
1 3 3
1 3 4
1 3 5
1 3 6
1 3 7
1 3 8
1 3 9
1 3 10
1 3 11
1 3 12
1 3 13
1 3 14
1 4 0
1 4 1
1 4 2
1 4 3
1 4 4
1 4 5
1 4 6
1 4 7
1 4 8
1 4 9
46 3 12
1 4 10
1 4 11
1 4 12
1 4 13
1 4 14
1 5 0
1 5 1
1 5 2
1 5 3
1 5 4
1 5 5
1 5 6
1 5 7
1 5 8
46 1 12
1 5 9
1 5 10
1 5 11
1 5 12
1 5 13
1 5 14
1 6 0
1 6 1
1 6 2
1 6 3
1 6 4
46 5 12
1 6 5
1 6 6
1 6 7
1 6 8
1 6 9
1 6 10
1 6 11
46 3 14
1 6 12
1 6 13
46 1 14
1 6 14
1 7 0
1 7 1
1 7 2
1 7 3
1 7 4
1 7 5
1 7 6
1 7 7
1 7 8
1 7 9
1 7 10
1 7 11
1 7 12
1 7 13
1 7 14
1 8 0
1 8 1
1 8 2
1 8 3
46 5 14
1 8 4
1 8 5
46 3 16
1 8 6
1 8 7
1 8 8
1 8 9
1 8 10
1 8 11
1 8 12
1 8 13
1 8 14
1 9 0
1 9 1
1 9 2
46 1 16
1 9 3
1 9 4
1 9 5
1 9 6
1 9 7
1 9 8
46 5 16
1 9 9
1 9 10
1 9 11
46 3 18
1 9 12
1 9 13
1 9 14
46 0 0
46 0 1
46 0 2
46 0 3
46 0 4
46 0 5
46 0 6
46 1 18
46 5 18
46 1 0
46 1 1
46 1 2
46 1 3
46 1 4
46 3 20
46 1 5
46 1 6
46 2 0
46 2 1
46 2 2
46 2 3
46 2 4
46 2 5
46 2 6
46 3 0
46 3 1
46 3 2
46 3 3
46 3 4
46 3 5
46 3 6
46 4 0
46 4 1
46 4 2
46 1 20
46 4 3
46 4 4
46 4 5
46 4 6
46 5 0
46 5 1
46 5 2
46 5 3
46 5 4
2 0 0
2 0 1
2 0 2
2 0 3
2 0 4
2 0 5
2 0 6
61 7 4
2 0 7
2 0 8
2 0 9
2 0 10
2 1 0
2 1 1
2 1 2
2 1 3
2 1 4
61 3 8
2 1 5
2 1 6
2 1 7
2 1 8
2 1 9
61 7 6
2 1 10
2 2 0
2 2 1
61 8 2
61 5 8
61 1 8
2 2 2
2 2 3
2 2 4
2 2 5
2 2 6
2 2 7
2 2 8
2 2 9
2 2 10
2 3 0
2 3 1
2 3 2
2 3 3
2 3 4
2 3 5
2 3 6
2 3 7
2 3 8
2 3 9
2 3 10
2 4 0
2 4 1
61 8 0
2 4 2
2 4 3
2 4 4
2 4 5
2 4 6
2 4 7
2 4 8
2 4 9
2 4 10
2 5 0
2 5 1
61 9 4
2 5 2
2 5 3
2 5 4
2 5 5
2 5 6
2 5 7
2 5 8
61 7 8
2 5 9
2 5 10
2 6 0
2 6 1
2 6 2
2 6 3
2 6 4
2 6 5
2 6 6
2 6 7
61 9 6
2 6 8
2 6 9
2 6 10
2 7 0
61 3 10
61 5 10
61 1 10
2 7 1
61 9 8
2 7 2
2 7 3
2 7 4
61 7 10
2 7 5
2 7 6
2 7 7
2 7 8
2 7 9
61 9 10
2 7 10
2 8 0
61 0 7
2 8 1
61 0 8
2 8 2
2 8 3
2 8 4
2 8 5
61 0 9
2 8 6
2 8 7
2 8 8
2 8 9
2 8 10
2 9 0
2 9 1
61 0 10
2 9 2
2 9 3
2 9 4
2 9 5
2 9 6
2 9 7
2 9 8
2 9 9
2 9 10
2 10 0
2 10 1
61 0 11
2 10 2
61 1 7
2 10 3
2 10 4
61 1 9
2 10 5
2 10 6
2 10 7
2 10 8
2 10 9
2 10 10
61 0 0
61 0 1
61 0 2
61 0 3
61 0 4
61 0 5
61 0 6
61 1 0
61 1 11
61 1 1
61 1 2
61 1 3
61 1 4
61 2 7
61 1 5
61 1 6
61 2 0
61 2 8
61 2 1
61 2 2
61 2 3
61 2 4
61 2 5
61 2 6
61 3 0
61 3 1
61 3 2
61 3 3
61 3 4
61 3 5
61 3 6
61 4 0
61 4 1
61 4 2
61 4 3
61 2 9
61 4 4
61 2 10
61 4 5
61 4 6
61 5 0
61 5 1
61 5 2
61 5 3
61 2 11
61 5 4
61 5 5
61 5 6
61 6 0
61 6 1
61 6 2
49 0 0
49 0 1
49 0 2
49 0 3
49 0 4
49 0 5
49 0 6
49 0 7
49 0 8
49 0 9
9 6 11
49 0 10
49 0 11
9 7 9
49 0 12
9 5 5
49 1 0
49 1 1
49 1 2
49 1 3
49 1 4
9 7 7
49 1 5
49 1 6
49 1 7
49 1 8
49 1 9
49 1 10
49 1 11
49 1 12
49 2 0
49 2 1
49 2 2
49 2 3
49 2 4
49 2 5
49 2 6
49 2 7
49 2 8
49 2 9
49 2 10
49 2 11
49 2 12
49 3 0
49 3 1
49 3 2
49 3 3
49 3 4
49 3 5
49 3 6
49 3 7
49 3 8
49 3 9
49 3 10
49 3 11
9 7 13
49 3 12
9 7 5
49 4 0
49 4 1
49 4 2
9 5 3
49 4 3
49 4 4
49 4 5
49 4 6
49 4 7
49 4 8
49 4 9
49 4 10
49 4 11
49 4 12
49 5 0
49 5 1
9 6 15
49 5 2
49 5 3
9 7 3
9 6 1
49 5 4
49 5 5
49 5 6
9 5 4
49 5 7
9 5 6
49 5 8
49 5 9
49 5 10
49 5 11
49 5 12
49 6 0
49 6 1
49 6 2
49 6 3
49 6 4
49 6 5
49 6 6
49 6 7
49 6 8
49 6 9
49 6 10
49 6 11
49 6 12
49 7 0
49 7 1
49 7 2
49 7 3
49 7 4
49 7 5
49 7 6
49 7 7
49 7 8
49 7 9
49 7 10
49 7 11
49 7 12
49 8 0
49 8 1
49 8 2
49 8 3
49 8 4
49 8 5
49 8 6
49 8 7
49 8 8
49 8 9
49 8 10
49 8 11
49 8 12
49 9 0
49 9 1
49 9 2
49 9 3
49 9 4
9 5 10
49 9 5
49 9 6
49 9 7
49 9 8
49 9 9
49 9 10
49 9 11
49 9 12
9 5 11
49 10 0
49 10 1
49 10 2
49 10 3
9 5 12
49 10 4
49 10 5
49 10 6
49 10 7
9 6 0
49 10 8
9 6 2
49 10 9
49 10 10
49 10 11
49 10 12
9 0 7
9 6 3
9 0 8
9 0 9
9 0 10
9 6 5
9 6 7
9 0 11
9 6 8
9 0 12
9 1 7
9 1 8
9 1 9
9 1 10
9 1 11
9 6 9
9 6 10
9 1 12
9 2 7
9 2 8
9 2 9
9 2 10
9 2 11
9 2 12
9 3 7
9 3 8
9 3 9
9 3 10
9 3 11
9 3 12
9 4 7
9 4 8
9 4 9
9 4 10
9 4 11
9 6 12
9 6 14
9 6 16
9 4 12
9 5 7
9 5 8
9 5 9
56 0 0
56 0 1
56 0 2
56 0 3
56 0 4
56 0 5
56 0 6
56 0 7
56 0 8
56 0 9
56 0 10
56 0 11
56 0 12
56 0 13
56 0 14
56 0 15
56 0 16
56 1 0
56 1 1
56 1 2
56 1 3
25 7 3
56 1 4
56 1 5
56 1 6
56 1 7
25 7 5
56 1 8
56 1 9
56 1 10
25 3 8
56 1 11
56 1 12
25 1 8
56 1 13
56 1 14
56 1 15
56 1 16
56 2 0
56 2 1
56 2 2
56 2 3
56 2 4
56 2 5
56 2 6
56 2 7
25 5 8
56 2 8
56 2 9
56 2 10
56 2 11
56 2 12
56 2 13
56 2 14
56 2 15
56 2 16
56 3 0
56 3 1
56 3 2
25 7 7
56 3 3
56 3 4
56 3 5
56 3 6
56 3 7
56 3 8
56 3 9
56 3 10
56 3 11
56 3 12
25 8 1
56 3 13
25 3 10
56 3 14
56 3 15
56 3 16
25 1 10
56 4 0
56 4 1
56 4 2
56 4 3
56 4 4
56 4 5
25 5 10
56 4 6
56 4 7
56 4 8
56 4 9
56 4 10
56 4 11
25 7 9
56 4 12
56 4 13
56 4 14
56 4 15
56 4 16
56 5 0
56 5 1
56 5 2
56 5 3
56 5 4
56 5 5
56 5 6
56 5 7
56 5 8
56 5 9
56 5 10
25 3 12
56 5 11
56 5 12
56 5 13
56 5 14
56 5 15
56 5 16
56 6 0
56 6 1
56 6 2
56 6 3
25 7 11
56 6 4
25 5 12
56 6 5
56 6 6
56 6 7
56 6 8
56 6 9
56 6 10
56 6 11
56 6 12
56 6 13
56 6 14
56 6 15
56 6 16
25 0 0
25 0 1
25 0 2
25 0 3
25 0 4
25 0 5
25 0 6
25 1 0
25 1 1
25 1 2
25 1 12
25 1 3
25 1 4
25 0 7
25 1 5
25 1 6
25 2 0
25 2 1
25 2 2
25 2 3
25 2 4
25 2 5
25 2 6
25 0 8
25 0 9
25 3 0
25 3 1
25 3 2
25 3 3
25 3 4
25 3 5
25 3 6
25 4 0
25 4 1
25 0 10
25 4 2
25 4 3
25 4 4
25 4 5
25 4 6
25 5 0
25 5 1
25 5 2
25 5 3
25 5 4
25 5 5
25 5 6
25 6 0
33 0 0
33 0 1
33 0 2
33 0 3
33 0 4
33 0 5
33 0 6
33 0 7
33 0 8
33 0 9
33 0 10
33 1 0
33 1 1
33 1 2
33 1 3
33 1 4
51 6 3
33 1 5
33 1 6
33 1 7
33 1 8
33 1 9
33 1 10
33 2 0
33 2 1
33 2 2
33 2 3
33 2 4
33 2 5
33 2 6
33 2 7
33 2 8
33 2 9
33 2 10
33 3 0
33 3 1
51 6 5
51 7 1
33 3 2
33 3 3
33 3 4
33 3 5
33 3 6
33 3 7
33 3 8
51 2 8
33 3 9
33 3 10
33 4 0
33 4 1
33 4 2
33 4 3
51 4 8
33 4 4
33 4 5
33 4 6
33 4 7
33 4 8
51 6 7
33 4 9
51 8 3
33 4 10
33 5 0
33 5 1
33 5 2
33 5 3
33 5 4
33 5 5
33 5 6
33 5 7
33 5 8
33 5 9
33 5 10
33 6 0
33 6 1
51 0 8
33 6 2
33 6 3
51 8 5
51 8 7
51 6 9
33 6 4
33 6 5
33 6 6
33 6 7
51 3 10
33 6 8
33 6 9
33 6 10
33 7 0
51 1 10
33 7 1
33 7 2
33 7 3
33 7 4
33 7 5
33 7 6
33 7 7
33 7 8
33 7 9
33 7 10
33 8 0
33 8 1
51 8 9
33 8 2
33 8 3
33 8 4
51 0 7
33 8 5
33 8 6
33 8 7
33 8 8
33 8 9
51 0 9
33 8 10
51 0 0
51 0 1
51 0 2
51 0 3
51 0 4
51 0 5
51 0 6
51 1 0
51 0 10
51 1 1
51 1 2
51 1 3
51 1 4
51 1 7
51 1 5
51 1 6
51 2 0
51 2 1
51 2 2
51 2 3
51 2 4
51 2 5
51 2 6
51 3 0
51 3 1
51 3 2
51 3 3
51 3 4
51 3 5
51 3 6
51 4 0
51 4 1
51 4 2
51 4 3
51 4 4
51 4 5
51 4 6
51 5 0
51 5 1
32 0 0
32 0 1
32 0 2
32 0 3
32 0 4
32 0 5
26 6 8
32 0 6
32 0 7
26 5 11
32 0 8
32 0 9
32 1 0
32 1 1
32 1 2
32 1 3
32 1 4
32 1 5
32 1 6
32 1 7
32 1 8
32 1 9
32 2 0
32 2 1
32 2 2
32 2 3
26 6 6
32 2 4
32 2 5
26 5 4
32 2 6
32 2 7
32 2 8
32 2 9
32 3 0
26 7 10
26 8 8
32 3 1
32 3 2
32 3 3
32 3 4
32 3 5
32 3 6
32 3 7
32 3 8
32 3 9
32 4 0
32 4 1
32 4 2
32 4 3
32 4 4
32 4 5
32 4 6
32 4 7
32 4 8
32 4 9
32 5 0
32 5 1
32 5 2
32 5 3
32 5 4
32 5 5
26 8 6
32 5 6
32 5 7
32 5 8
32 5 9
32 6 0
32 6 1
32 6 2
32 6 3
26 7 4
26 7 12
32 6 4
32 6 5
32 6 6
32 6 7
32 6 8
26 5 2
32 6 9
32 7 0
32 7 1
32 7 2
32 7 3
32 7 4
32 7 5
26 9 10
32 7 6
32 7 7
32 7 8
32 7 9
32 8 0
32 8 1
26 10 8
32 8 2
32 8 3
32 8 4
32 8 5
26 0 6
26 0 7
26 0 8
26 9 4
26 0 9
26 0 10
26 1 6
26 1 7
26 1 8
26 1 9
26 10 6
26 1 10
26 2 6
26 2 7
26 2 8
26 2 9
26 2 10
26 3 6
26 3 7
26 3 8
26 3 9
26 3 10
26 4 6
26 4 7
26 4 8
26 7 2
26 4 9
26 9 12
16 0 0
16 0 1
16 0 2
16 0 3
16 0 4
16 0 5
16 0 6
16 0 7
16 0 8
16 0 9
16 0 10
16 0 11
16 0 12
16 6 29
16 0 13
16 0 14
16 0 15
16 0 16
16 0 17
16 0 18
16 0 19
16 0 20
16 0 21
16 0 22
16 0 23
16 0 24
16 8 29
16 0 25
16 0 26
16 0 27
16 1 0
16 1 1
16 1 2
16 1 3
16 1 4
16 4 29
16 1 5
16 1 6
16 1 7
16 1 8
16 1 9
16 10 29
16 1 10
16 1 11
16 2 29
16 1 12
16 1 13
16 1 14
16 1 15
16 1 16
16 1 17
16 12 29
16 1 18
16 1 19
16 1 20
16 1 21
16 1 22
16 1 23
16 1 24
16 1 25
16 1 26
16 1 27
16 2 0
16 2 1
16 2 2
16 2 3
16 2 4
16 2 5
16 2 6
16 2 7
16 2 8
16 2 9
16 2 10
16 2 11
16 2 12
16 2 13
16 2 14
16 2 15
16 2 16
16 2 17
16 2 18
16 2 19
16 2 20
16 2 21
16 2 22
16 2 23
16 2 24
16 2 25
16 2 26
16 2 27
16 3 0
16 3 1
16 3 2
16 3 3
16 3 4
16 3 5
16 3 6
16 3 7
16 3 8
16 3 9
16 3 10
16 3 11
16 3 12
16 3 13
16 3 14
16 3 15
16 3 16
16 3 17
16 3 18
16 3 19
16 3 20
16 3 21
16 3 22
16 3 23
16 3 24
16 3 25
16 0 29
16 6 31
16 8 31
16 3 26
16 4 31
16 10 31
16 3 27
16 4 0
16 4 1
16 4 2
16 4 3
16 4 4
16 4 5
16 4 6
16 4 7
16 4 8
16 4 9
16 4 10
16 4 11
16 4 12
16 4 13
16 4 14
16 4 15
16 4 16
16 4 17
16 2 31
16 4 18
16 4 19
16 4 20
16 4 21
16 4 22
16 4 23
16 4 24
16 4 25
16 4 26
16 12 31
16 4 27
16 5 0
16 5 1
16 5 2
16 5 3
16 5 4
16 5 5
16 5 6
16 5 7
16 5 8
16 5 9
16 5 10
16 5 11
16 5 12
16 5 13
16 5 14
16 5 15
16 5 16
16 5 17
16 5 18
16 5 19
16 5 20
16 5 21
16 5 22
16 0 31
16 5 23
16 5 24
16 5 25
16 5 26
16 5 27
16 6 0
16 0 28
16 6 1
16 6 2
16 6 3
16 6 4
16 0 30
16 6 5
16 6 6
16 6 7
16 6 8
16 6 9
16 6 10
16 6 11
16 6 12
16 6 13
16 6 14
16 6 15
16 0 32
16 6 16
16 6 17
16 6 18
16 6 19
16 6 20
16 6 21
16 6 22
16 6 23
16 6 24
16 6 25
16 6 26
16 6 27
16 7 0
16 7 1
16 7 2
16 7 3
16 7 4
16 7 5
16 7 6
16 7 7
16 7 8
16 7 9
16 7 10
16 7 11
16 7 12
16 7 13
16 1 28
16 7 14
16 7 15
16 7 16
16 7 17
16 7 18
16 7 19
16 7 20
16 7 21
16 7 22
16 7 23
16 7 24
16 7 25
16 7 26
16 1 29
16 7 27
16 8 0
16 1 30
16 8 1
16 8 2
16 8 3
16 8 4
16 8 5
16 8 6
16 1 31
16 8 7
16 8 8
16 8 9
16 8 10
16 8 11
16 8 12
16 8 13
16 1 32
16 8 14
16 8 15
16 8 16
16 8 17
16 2 28
16 8 18
16 8 19
16 8 20
16 8 21
16 8 22
16 2 30
16 8 23
16 8 24
16 8 25
16 8 26
16 8 27
16 2 32
16 9 0
16 9 1
16 9 2
16 9 3
16 9 4
16 9 5
16 9 6
16 9 7
16 9 8
16 9 9
16 9 10
16 9 11
16 3 28
16 9 12
16 9 13
16 9 14
16 9 15
16 9 16
16 9 17
16 9 18
16 9 19
16 3 29
16 3 30
16 3 31
16 9 20
16 9 21
16 3 32
16 9 22
16 9 23
16 9 24
16 9 25
16 9 26
16 9 27
16 10 0
16 4 28
16 10 1
16 10 2
16 10 3
16 10 4
16 10 5
16 10 6
16 10 7
16 10 8
16 10 9
16 10 10
16 10 11
16 4 30
16 10 12
16 10 13
16 10 14
16 10 15
16 10 16
16 10 17
16 10 18
16 10 19
16 10 20
16 10 21
16 10 22
16 10 23
16 10 24
16 4 32
16 5 28
16 10 25
16 10 26
16 10 27
16 11 0
16 11 1
16 11 2
16 11 3
16 11 4
16 11 5
16 11 6
16 11 7
16 11 8
16 11 9
16 11 10
16 11 11
16 11 12
16 11 13
16 5 29
16 11 14
16 11 15
16 11 16
16 11 17
16 11 18
16 11 19
16 11 20
16 11 21
16 11 22
16 5 30
16 11 23
16 11 24
16 11 25
16 5 31
16 11 26
16 11 27
16 5 32
16 6 28
16 12 0
16 12 1
16 12 2
16 12 3
16 12 4
16 12 5
16 12 6
16 12 7
16 12 8
16 12 9
16 12 10
16 12 11
16 12 12
16 12 13
16 12 14
16 12 15
16 12 16
16 12 17
16 6 30
16 12 18
16 6 32
16 12 19
16 12 20
16 12 21
16 12 22
16 12 23
16 12 24
16 12 25
16 12 26
16 7 28
16 12 27
16 13 0
16 13 1
16 7 29
16 7 30
16 13 2
16 13 3
16 7 31
16 13 4
16 13 5
16 13 6
16 13 7
16 13 8
16 13 9
16 13 10
16 7 32
16 13 11
16 13 12
16 13 13
16 13 14
16 13 15
16 13 16
16 13 17
16 13 18
16 13 19
16 13 20
16 13 21
16 13 22
16 13 23
45 0 0
45 0 1
45 0 2
45 0 3
45 0 4
45 0 5
45 0 6
46 6 9
45 0 7
45 0 8
45 1 0
45 1 1
45 1 2
45 1 3
45 1 4
45 1 5
45 1 6
45 1 7
46 2 13
45 1 8
45 2 0
45 2 1
46 4 13
45 2 2
45 2 3
46 6 11
45 2 4
45 2 5
46 0 13
45 2 6
45 2 7
45 2 8
45 3 0
45 3 1
45 3 2
45 3 3
45 3 4
45 3 5
45 3 6
45 3 7
45 3 8
45 4 0
45 4 1
45 4 2
46 6 7
45 4 3
45 4 4
45 4 5
45 4 6
45 4 7
46 5 5
45 4 8
45 5 0
45 5 1
46 6 13
45 5 2
45 5 3
45 5 4
45 5 5
46 3 15
45 5 6
45 5 7
46 1 15
45 5 8
45 6 0
45 6 1
45 6 2
45 6 3
45 6 4
45 6 5
45 6 6
45 6 7
45 6 8
45 7 0
45 7 1
45 7 2
45 7 3
46 5 15
46 3 17
45 7 4
45 7 5
45 7 6
45 7 7
45 7 8
46 1 17
45 8 0
45 8 1
45 8 2
46 5 17
45 8 3
45 8 4
45 8 5
45 8 6
45 8 7
45 8 8
45 9 0
46 6 3
45 9 1
45 9 2
45 9 3
45 9 4
45 9 5
45 9 6
46 3 19
45 9 7
45 9 8
46 1 19
46 0 7
46 0 8
46 0 9
46 0 10
46 5 19
46 0 11
46 1 7
46 1 8
46 1 9
46 1 10
46 1 11
46 6 1
46 2 7
46 2 8
46 2 9
46 2 10
46 2 11
46 3 7
46 3 8
46 3 9
46 0 12
46 3 10
46 3 11
46 4 7
46 4 8
46 4 9
46 4 10
8 0 0
8 0 1
32 8 17
8 0 2
8 0 3
8 0 4
8 0 5
8 0 6
8 0 7
8 0 8
8 0 9
8 0 10
8 0 11
8 0 12
32 9 14
8 0 13
8 0 14
8 0 15
8 1 0
8 1 1
8 1 2
32 9 12
8 1 3
8 1 4
8 1 5
8 1 6
8 1 7
8 1 8
8 1 9
8 1 10
8 1 11
8 1 12
8 1 13
8 1 14
8 1 15
32 9 10
8 2 0
8 2 1
32 8 19
8 2 2
8 2 3
8 2 4
8 2 5
8 2 6
8 2 7
8 2 8
32 8 8
8 2 9
8 2 10
8 2 11
8 2 12
8 2 13
8 2 14
8 2 15
8 3 0
8 3 1
8 3 2
8 3 3
8 3 4
8 3 5
8 3 6
8 3 7
8 3 8
8 3 9
8 3 10
8 3 11
8 3 12
8 3 13
8 3 14
8 3 15
32 7 21
8 4 0
8 4 1
8 4 2
8 4 3
8 4 4
8 4 5
32 9 21
32 8 6
8 4 6
8 4 7
8 4 8
8 4 9
8 4 10
8 4 11
8 4 12
8 4 13
8 4 14
8 4 15
8 5 0
8 5 1
8 5 2
8 5 3
8 5 4
8 5 5
8 5 6
8 5 7
8 5 8
8 5 9
32 7 23
8 5 10
32 9 23
8 5 11
8 5 12
8 5 13
8 5 14
8 5 15
8 6 0
8 6 1
8 6 2
8 6 3
32 7 25
8 6 4
8 6 5
8 6 6
8 6 7
8 6 8
8 6 9
8 6 10
8 6 11
8 6 12
8 6 13
8 6 14
8 6 15
8 7 0
32 9 4
8 7 1
8 7 2
8 7 3
8 7 4
8 7 5
8 7 6
8 7 7
8 7 8
8 7 9
8 7 10
8 7 11
32 9 25
8 7 12
32 4 27
8 7 13
8 7 14
8 7 15
8 8 0
8 8 1
8 8 2
8 8 3
8 8 4
8 8 5
8 8 6
8 8 7
32 6 27
8 8 8
32 2 27
8 8 9
8 8 10
8 8 11
8 8 12
8 8 13
8 8 14
8 8 15
8 9 0
8 9 1
8 9 2
8 9 3
8 9 4
8 9 5
8 9 6
32 8 27
8 9 7
8 9 8
8 9 9
8 9 10
8 9 11
8 9 12
8 9 13
8 9 14
8 9 15
8 10 0
8 10 1
8 10 2
32 0 27
8 10 3
8 10 4
8 10 5
8 10 6
8 10 7
8 10 8
8 10 9
32 9 2
8 10 10
32 9 0
8 10 11
8 10 12
8 10 13
8 10 14
8 10 15
8 11 0
8 11 1
8 11 2
8 11 3
8 11 4
8 11 5
8 11 6
8 11 7
8 11 8
8 11 9
8 11 10
8 11 11
32 1 27
8 11 12
8 11 13
8 11 14
8 11 15
32 0 10
32 0 11
32 0 12
32 0 13
32 3 27
32 0 14
32 0 15
32 0 16
32 0 17
32 5 27
32 0 18
32 7 16
32 1 10
32 1 11
32 1 12
32 1 13
32 1 14
32 1 15
32 1 16
32 1 17
32 1 18
32 2 10
32 2 11
32 7 17
32 2 12
32 2 13
32 2 14
32 2 15
32 2 16
32 7 18
32 2 17
32 2 18
32 3 10
32 3 11
32 3 12
32 3 13
32 3 14
32 3 15
32 7 20
32 3 16
32 3 17
32 3 18
32 4 10
32 4 11
32 4 12
32 4 13
32 4 14
32 4 15
32 4 16
32 4 17
32 4 18
32 5 10
32 5 11
32 5 12
32 5 13
32 5 14
32 5 15
32 5 16
32 5 17
32 5 18
32 6 10
32 6 11
32 6 12
32 6 13
32 7 22
32 7 24
32 6 14
32 7 26
32 6 15
32 6 16
32 7 27
32 6 17
32 6 18
32 7 10
32 7 11
32 7 12
32 7 13
32 7 14
32 8 7
32 7 15
21 0 0
21 0 1
21 0 2
21 0 3
21 0 4
21 0 5
21 0 6
21 0 7
21 0 8
21 0 9
29 6 4
21 0 10
21 0 11
21 1 0
21 1 1
21 1 2
21 1 3
21 1 4
21 1 5
21 1 6
21 1 7
21 1 8
21 1 9
21 1 10
21 1 11
21 2 0
21 2 1
21 2 2
21 2 3
21 2 4
21 2 5
21 2 6
21 2 7
21 2 8
21 2 9
21 2 10
29 2 7
21 2 11
21 3 0
21 3 1
21 3 2
29 7 2
21 3 3
21 3 4
21 3 5
21 3 6
21 3 7
21 3 8
21 3 9
21 3 10
29 4 7
21 3 11
21 4 0
21 4 1
21 4 2
21 4 3
21 4 4
21 4 5
21 4 6
21 4 7
21 4 8
21 4 9
29 6 6
21 4 10
21 4 11
29 0 7
21 5 0
21 5 1
21 5 2
29 7 0
21 5 3
21 5 4
21 5 5
21 5 6
21 5 7
21 5 8
21 5 9
21 5 10
21 5 11
29 0 0
29 0 1
29 6 8
29 0 2
29 0 3
29 0 4
29 0 5
29 0 6
29 1 0
29 1 1
29 1 2
29 1 3
29 1 4
29 1 5
29 2 0
29 2 1
29 2 2
29 2 3
29 2 4
29 2 5
29 3 0
29 3 1
29 3 2
29 3 3
29 3 4
29 3 5
29 4 0
29 4 1
29 4 2
29 4 3
29 4 4
29 4 5
29 5 0
29 5 1
29 5 2
44 12 6
44 7 8
44 7 9
44 7 10
44 7 11
44 7 12
44 7 13
44 7 14
44 8 8
44 8 9
44 8 10
44 8 11
44 8 12
44 8 13
44 8 14
44 9 8
44 9 9
44 9 10
44 9 11
44 9 12
44 9 13
44 9 14
44 10 8
44 10 9
44 10 10
44 10 11
44 10 12
44 10 13
44 10 14
44 11 8
44 11 9
44 12 4
44 12 2
44 11 10
44 11 11
44 11 12
44 11 13
44 11 14
44 12 8
44 12 9
44 12 10
44 12 11
44 12 12
44 12 13
44 12 14
44 13 8
44 13 9
44 13 10
10 1 5
43 0 0
43 0 1
43 0 2
10 4 4
43 0 3
10 5 2
43 0 4
43 0 5
43 0 6
43 0 7
43 0 8
43 0 9
10 5 0
43 0 10
43 0 11
10 3 6
43 1 0
43 1 1
43 1 2
43 1 3
43 1 4
43 1 5
43 1 6
43 1 7
43 1 8
43 1 9
43 1 10
43 1 11
43 2 0
43 2 1
43 2 2
43 2 3
10 6 4
43 2 4
43 2 5
10 5 6
43 2 6
43 2 7
43 2 8
43 2 9
43 2 10
43 2 11
43 3 0
43 3 1
43 3 2
43 3 3
43 3 4
43 3 5
10 1 7
43 3 6
43 3 7
43 3 8
10 3 8
10 5 8
43 3 9
43 3 10
10 1 9
43 3 11
43 4 0
43 4 1
43 4 2
43 4 3
43 4 4
43 4 5
43 4 6
43 4 7
43 4 8
43 4 9
10 0 4
43 4 10
43 4 11
10 0 5
10 0 6
43 5 0
43 5 1
43 5 2
10 0 7
43 5 3
10 0 8
43 5 4
43 5 5
43 5 6
43 5 7
43 5 8
10 0 9
43 5 9
43 5 10
43 5 11
10 0 0
10 0 1
10 0 2
10 1 4
10 0 3
10 1 0
10 1 1
10 1 2
10 1 3
10 2 0
10 2 1
10 2 2
10 2 3
10 3 0
10 3 1
10 3 2
10 1 6
14 0 0
14 0 1
14 0 2
14 0 3
14 0 4
14 0 5
14 0 6
26 6 3
14 0 7
14 0 8
14 0 9
14 0 10
26 6 5
14 0 11
14 0 12
14 1 0
14 1 1
14 1 2
14 1 3
14 1 4
14 1 5
14 1 6
14 1 7
14 1 8
14 1 9
14 1 10
14 1 11
14 1 12
26 7 1
14 2 0
14 2 1
14 2 2
14 2 3
14 2 4
14 2 5
14 2 6
14 2 7
26 5 7
14 2 8
14 2 9
14 2 10
26 8 3
14 2 11
14 2 12
14 3 0
14 3 1
14 3 2
14 3 3
14 3 4
14 3 5
14 3 6
14 3 7
14 3 8
14 3 9
14 3 10
14 3 11
14 3 12
14 4 0
14 4 1
14 4 2
14 4 3
14 4 4
14 4 5
14 4 6
14 4 7
26 8 5
26 7 7
14 4 8
14 4 9
14 4 10
26 9 1
14 4 11
14 4 12
14 5 0
14 5 1
14 5 2
14 5 3
14 5 4
14 5 5
14 5 6
14 5 7
14 5 8
14 5 9
14 5 10
14 5 11
14 5 12
14 6 0
14 6 1
14 6 2
14 6 3
14 6 4
14 6 5
14 6 6
14 6 7
14 6 8
14 6 9
14 6 10
14 6 11
14 6 12
14 7 0
14 7 1
14 7 2
14 7 3
14 7 4
14 7 5
14 7 6
14 7 7
14 7 8
14 7 9
26 5 9
14 7 10
14 7 11
14 7 12
14 8 0
26 10 3
14 8 1
14 8 2
14 8 3
14 8 4
14 8 5
14 8 6
26 10 5
14 8 7
14 8 8
26 9 7
26 7 9
14 8 9
14 8 10
14 8 11
14 8 12
14 9 0
14 9 1
26 4 11
26 9 9
14 9 2
14 9 3
14 9 4
14 9 5
14 9 6
14 9 7
14 9 8
14 9 9
14 9 10
26 2 11
14 9 11
26 6 11
26 0 11
14 9 12
14 10 0
26 8 11
14 10 1
26 10 11
14 10 2
14 10 3
14 10 4
14 10 5
14 10 6
14 10 7
14 10 8
14 10 9
14 10 10
14 10 11
14 10 12
14 11 0
14 11 1
26 0 0
26 0 1
26 0 2
26 0 3
26 0 4
26 0 5
26 1 0
26 1 1
26 1 2
26 1 3
26 1 4
26 1 5
26 2 0
26 0 12
26 2 1
26 2 2
26 1 11
26 1 12
26 2 12
26 2 3
26 2 4
26 3 11
26 2 5
26 3 0
26 3 1
26 3 2
26 3 3
26 3 4
26 3 5
26 4 0
26 4 1
26 3 12
26 4 2
26 4 3
26 4 4
26 4 5
26 5 0
26 5 1
9 0 0
9 0 1
9 0 2
9 0 3
9 0 4
9 0 5
9 0 6
9 1 0
9 1 1
9 1 2
9 1 3
9 6 4
9 1 4
9 1 5
9 1 6
9 2 0
9 7 2
9 2 1
9 2 2
9 2 3
9 2 4
9 2 5
9 2 6
9 3 0
9 3 1
9 3 2
9 3 3
9 3 4
9 3 5
9 3 6
9 4 0
9 4 1
9 4 2
9 6 6
9 4 3
9 4 4
9 4 5
9 4 6
9 5 0
9 5 1
9 7 0
9 5 2
60 0 0
60 0 1
60 0 2
60 0 3
60 0 4
60 0 5
60 0 6
60 0 7
60 0 8
60 0 9
60 0 10
60 0 11
60 0 12
60 0 13
60 0 14
60 0 15
60 0 16
19 7 22
60 0 17
60 0 18
60 0 19
60 0 20
60 0 21
60 0 22
60 1 0
60 1 1
60 1 2
60 1 3
60 1 4
60 1 5
60 1 6
60 1 7
60 1 8
60 1 9
19 8 20
60 1 10
60 1 11
60 1 12
60 1 13
19 9 22
60 1 14
19 10 20
60 1 15
60 1 16
60 1 17
60 1 18
19 11 22
60 1 19
19 12 20
60 1 20
60 1 21
60 1 22
60 2 0
60 2 1
60 2 2
60 2 3
60 2 4
60 2 5
60 2 6
60 2 7
60 2 8
60 2 9
19 12 18
60 2 10
19 12 16
60 2 11
60 2 12
60 2 13
60 2 14
60 2 15
60 2 16
60 2 17
60 2 18
60 2 19
19 12 14
60 2 20
60 2 21
60 2 22
60 3 0
60 3 1
60 3 2
60 3 3
60 3 4
60 3 5
60 3 6
60 3 7
60 3 8
60 3 9
60 3 10
60 3 11
60 3 12
60 3 13
60 3 14
60 3 15
60 3 16
60 3 17
60 3 18
60 3 19
60 3 20
60 3 21
60 3 22
60 4 0
60 4 1
60 4 2
60 4 3
60 4 4
60 4 5
60 4 6
60 4 7
60 4 8
60 4 9
60 4 10
60 4 11
60 4 12
60 4 13
60 4 14
60 4 15
60 4 16
60 4 17
60 4 18
60 4 19
60 4 20
60 4 21
19 12 12
60 4 22
60 5 0
60 5 1
19 12 10
60 5 2
60 5 3
60 5 4
60 5 5
60 5 6
60 5 7
60 5 8
60 5 9
19 12 8
60 5 10
60 5 11
60 5 12
60 5 13
60 5 14
60 5 15
60 5 16
60 5 17
60 5 18
60 5 19
60 5 20
60 5 21
60 5 22
60 6 0
60 6 1
60 6 2
60 6 3
60 6 4
60 6 5
60 6 6
60 6 7
60 6 8
60 6 9
60 6 10
60 6 11
60 6 12
60 6 13
60 6 14
60 6 15
60 6 16
19 6 21
60 6 17
60 6 18
60 6 19
60 6 20
60 6 21
60 6 22
60 7 0
60 7 1
60 7 2
60 7 3
60 7 4
60 7 5
60 7 6
19 6 22
60 7 7
60 7 8
60 7 9
60 7 10
60 7 11
60 7 12
19 7 20
60 7 13
60 7 14
60 7 15
60 7 16
60 7 17
60 7 18
19 7 21
19 8 21
60 7 19
19 8 22
60 7 20
60 7 21
19 9 20
60 7 22
19 9 21
60 8 0
60 8 1
60 8 2
60 8 3
60 8 4
60 8 5
60 8 6
60 8 7
60 8 8
19 10 21
60 8 9
60 8 10
60 8 11
60 8 12
19 10 22
60 8 13
60 8 14
60 8 15
19 11 20
60 8 16
60 8 17
60 8 18
60 8 19
60 8 20
60 8 21
60 8 22
19 11 21
60 9 0
60 9 1
60 9 2
60 9 3
60 9 4
60 9 5
60 9 6
60 9 7
60 9 8
60 9 9
60 9 10
60 9 11
60 9 12
60 9 13
60 9 14
60 9 15
60 9 16
60 9 17
60 9 18
60 9 19
60 9 20
60 9 21
60 9 22
60 10 0
60 10 1
60 10 2
60 10 3
19 12 9
60 10 4
60 10 5
60 10 6
60 10 7
60 10 8
60 10 9
60 10 10
60 10 11
60 10 12
60 10 13
60 10 14
60 10 15
60 10 16
19 12 11
60 10 17
60 10 18
60 10 19
60 10 20
60 10 21
60 10 22
60 11 0
60 11 1
60 11 2
60 11 3
60 11 4
60 11 5
60 11 6
60 11 7
60 11 8
60 11 9
60 11 10
60 11 11
60 11 12
60 11 13
19 12 13
60 11 14
60 11 15
60 11 16
60 11 17
60 11 18
60 11 19
60 11 20
60 11 21
60 11 22
60 12 0
60 12 1
60 12 2
60 12 3
60 12 4
60 12 5
60 12 6
60 12 7
19 12 15
60 12 8
60 12 9
19 12 17
60 12 10
60 12 11
60 12 12
60 12 13
60 12 14
60 12 15
60 12 16
60 12 17
60 12 18
60 12 19
60 12 20
60 12 21
60 12 22
60 13 0
60 13 1
60 13 2
60 13 3
60 13 4
60 13 5
60 13 6
60 13 7
60 13 8
60 13 9
19 12 19
60 13 10
60 13 11
60 13 12
60 13 13
60 13 14
60 13 15
60 13 16
60 13 17
60 13 18
60 13 19
60 13 20
60 13 21
60 13 22
60 14 0
60 14 1
60 14 2
60 14 3
60 14 4
60 14 5
60 14 6
60 14 7
60 14 8
60 14 9
60 14 10
19 12 21
60 14 11
60 14 12
60 14 13
60 14 14
60 14 15
60 14 16
60 14 17
60 14 18
60 14 19
60 14 20
60 14 21
60 14 22
19 12 22
19 0 20
19 0 21
19 0 22
19 1 20
19 1 21
19 1 22
19 2 20
19 2 21
19 2 22
19 3 20
19 3 21
19 3 22
19 4 20
19 4 21
19 4 22
19 5 20
19 5 21
19 5 22
19 6 20
23 0 0
23 0 1
23 0 2
23 0 3
23 0 4
23 7 4
23 0 5
23 0 6
23 7 6
23 0 7
23 1 0
23 1 1
23 1 2
23 1 3
23 1 4
23 1 5
23 1 6
23 1 7
23 2 0
23 2 1
23 7 8
23 2 2
23 2 3
23 2 4
23 2 5
23 2 6
23 2 7
23 3 0
23 3 1
23 3 2
23 3 3
23 3 4
23 3 5
23 3 6
23 3 7
23 4 0
23 4 1
23 4 2
23 4 3
23 4 4
23 4 5
23 4 6
23 4 7
23 5 0
23 5 1
23 5 2
23 5 3
23 5 4
23 5 5
23 5 6
23 5 7
23 6 0
23 6 1
23 6 2
39 0 0
39 0 1
39 0 2
39 0 3
39 0 4
39 0 5
47 1 5
39 0 6
39 0 7
39 0 8
39 0 9
39 0 10
39 0 11
39 1 0
39 1 1
39 1 2
39 1 3
39 1 4
47 3 5
39 1 5
47 1 7
39 1 6
39 1 7
39 1 8
39 1 9
39 1 10
39 1 11
39 2 0
39 2 1
39 2 2
39 2 3
39 2 4
39 2 5
39 2 6
47 3 7
39 2 7
39 2 8
39 2 9
39 2 10
39 2 11
39 3 0
39 3 1
47 2 9
39 3 2
39 3 3
39 3 4
39 3 5
39 3 6
39 3 7
39 3 8
47 0 9
39 3 9
39 3 10
47 1 11
39 3 11
47 3 11
39 4 0
39 4 1
39 4 2
47 2 13
39 4 3
39 4 4
47 0 13
39 4 5
39 4 6
39 4 7
39 4 8
39 4 9
39 4 10
39 4 11
47 0 0
47 0 1
47 0 2
47 0 4
47 0 3
47 1 0
47 1 1
47 1 2
47 1 3
47 2 0
47 2 1
47 2 2
47 2 3
47 3 0
47 3 1
47 3 2
52 0 0
52 0 1
52 0 2
52 0 3
52 0 4
52 0 5
52 0 6
20 6 12
52 0 7
52 0 8
52 0 9
52 0 10
52 0 11
52 0 12
52 0 13
52 0 14
52 1 0
52 1 1
52 1 2
52 1 3
52 1 4
52 1 5
52 1 6
52 1 7
52 1 8
52 1 9
52 1 10
52 1 11
52 1 12
52 1 13
20 6 14
52 1 14
20 0 15
52 2 0
52 2 1
52 2 2
20 1 15
52 2 3
52 2 4
52 2 5
52 2 6
52 2 7
52 2 8
52 2 9
52 2 10
52 2 11
52 2 12
52 2 13
52 2 14
52 3 0
52 3 1
52 3 2
20 2 15
52 3 3
52 3 4
52 3 5
52 3 6
52 3 7
52 3 8
52 3 9
52 3 10
52 3 11
52 3 12
52 3 13
52 3 14
52 4 0
52 4 1
20 3 15
52 4 2
52 4 3
52 4 4
52 4 5
52 4 6
52 4 7
52 4 8
52 4 9
52 4 10
52 4 11
52 4 12
52 4 13
52 4 14
52 5 0
52 5 1
52 5 2
52 5 3
20 4 15
52 5 4
20 5 11
52 5 5
52 5 6
52 5 7
52 5 8
20 5 12
52 5 9
52 5 10
52 5 11
52 5 12
52 5 13
52 5 14
52 6 0
52 6 1
52 6 2
52 6 3
52 6 4
52 6 5
52 6 6
20 5 13
52 6 7
52 6 8
52 6 9
52 6 10
52 6 11
52 6 12
52 6 13
52 6 14
20 5 14
52 7 0
52 7 1
52 7 2
52 7 3
52 7 4
20 5 15
52 7 5
52 7 6
52 7 7
20 0 9
20 0 10
20 0 11
20 0 12
20 0 13
20 0 14
20 6 9
20 1 9
20 1 10
20 1 11
20 6 10
20 1 12
20 1 13
20 6 11
20 1 14
20 2 9
20 6 13
20 2 10
20 2 11
20 2 12
20 2 13
20 2 14
20 3 9
20 3 10
20 3 11
20 3 12
20 3 13
20 3 14
20 4 9
20 4 10
20 4 11
20 6 15
20 4 12
20 4 13
20 4 14
20 5 9
20 5 10
35 0 0
35 0 1
35 0 2
35 0 3
35 0 4
35 0 5
58 7 3
35 0 6
35 0 7
35 0 8
35 0 9
35 0 10
35 1 0
35 1 1
35 1 2
35 1 3
35 1 4
35 1 5
35 1 6
35 1 7
35 1 8
35 1 9
35 1 10
35 2 0
35 2 1
35 2 2
35 2 3
35 2 4
35 2 5
35 2 6
35 2 7
35 2 8
35 2 9
35 2 10
35 3 0
35 3 1
35 3 2
35 3 3
35 3 4
35 3 5
35 3 6
35 3 7
35 3 8
35 3 9
35 3 10
35 4 0
35 4 1
35 4 2
35 4 3
35 4 4
35 4 5
35 4 6
35 4 7
35 4 8
35 4 9
35 4 10
35 5 0
35 5 1
35 5 2
35 5 3
35 5 4
58 6 6
35 5 5
35 5 6
35 5 7
35 5 8
35 5 9
35 5 10
35 6 0
35 6 1
35 6 2
35 6 3
35 6 4
35 6 5
35 6 6
35 6 7
35 6 8
35 6 9
35 6 10
35 7 0
35 7 1
35 7 2
35 7 3
35 7 4
35 7 5
35 7 6
35 7 7
35 7 8
35 7 9
35 7 10
35 8 0
35 8 1
35 8 2
35 8 3
35 8 4
35 8 5
35 8 6
35 8 7
35 8 8
35 8 9
35 8 10
35 9 0
35 9 1
35 9 2
35 9 3
35 9 4
35 9 5
35 9 6
35 9 7
35 9 8
35 9 9
35 9 10
58 0 0
58 0 1
58 0 2
58 0 3
58 0 4
58 0 5
58 0 6
58 1 0
58 1 1
58 1 2
58 1 3
58 1 4
58 1 5
58 7 1
58 1 6
58 2 0
58 4 8
58 2 1
58 2 2
58 2 3
58 2 4
58 2 5
58 8 5
58 2 6
58 3 0
58 3 1
58 6 8
58 3 2
58 3 3
58 9 3
58 3 4
58 8 7
58 3 5
58 9 1
58 3 6
58 4 0
58 4 1
58 4 2
58 4 3
58 4 4
58 4 5
58 4 6
58 5 0
58 5 1
58 5 2
58 5 3
58 5 4
15 0 0
15 0 1
15 0 2
15 0 3
15 0 4
15 0 5
15 0 6
15 0 7
15 0 8
15 0 9
15 0 10
15 0 11
15 0 12
15 0 13
15 0 14
15 0 15
53 8 20
15 0 16
15 0 17
15 0 18
15 0 19
15 0 20
15 0 21
15 0 22
15 0 23
15 0 24
15 0 25
15 0 26
15 0 27
15 0 28
15 0 29
15 0 30
15 0 31
15 0 32
15 0 33
15 0 34
15 0 35
15 0 36
15 1 0
53 9 18
15 1 1
15 1 2
15 1 3
15 1 4
53 10 20
15 1 5
15 1 6
15 1 7
15 1 8
15 1 9
15 1 10
15 1 11
15 1 12
15 1 13
15 1 14
15 1 15
15 1 16
15 1 17
15 1 18
15 1 19
53 11 18
15 1 20
15 1 21
15 1 22
15 1 23
53 12 20
15 1 24
15 1 25
15 1 26
15 1 27
15 1 28
15 1 29
53 13 18
15 1 30
15 1 31
15 1 32
15 1 33
15 1 34
15 1 35
15 1 36
15 2 0
53 14 20
15 2 1
15 2 2
15 2 3
15 2 4
15 2 5
15 2 6
53 15 18
15 2 7
53 16 20
15 2 8
15 2 9
15 2 10
53 16 16
15 2 11
15 2 12
15 2 13
15 2 14
15 2 15
15 2 16
15 2 17
15 2 18
15 2 19
53 16 14
15 2 20
15 2 21
15 2 22
15 2 23
15 2 24
15 2 25
15 2 26
15 2 27
15 2 28
15 2 29
15 2 30
15 2 31
15 2 32
15 2 33
53 16 12
15 2 34
15 2 35
15 2 36
15 3 0
53 16 10
15 3 1
15 3 2
15 3 3
15 3 4
15 3 5
15 3 6
15 3 7
15 3 8
15 3 9
15 3 10
15 3 11
15 3 12
15 3 13
15 3 14
15 3 15
15 3 16
15 3 17
15 3 18
15 3 19
15 3 20
15 3 21
15 3 22
15 3 23
15 3 24
15 3 25
15 3 26
15 3 27
15 3 28
15 3 29
15 3 30
15 3 31
15 3 32
15 3 33
15 3 34
15 3 35
15 3 36
15 4 0
15 4 1
15 4 2
15 4 3
15 4 4
15 4 5
15 4 6
15 4 7
15 4 8
15 4 9
15 4 10
15 4 11
15 4 12
15 4 13
15 4 14
15 4 15
15 4 16
15 4 17
15 4 18
15 4 19
15 4 20
15 4 21
15 4 22
15 4 23
15 4 24
15 4 25
15 4 26
15 4 27
15 4 28
15 4 29
15 4 30
15 4 31
15 4 32
15 4 33
53 16 8
15 4 34
15 4 35
15 4 36
15 5 0
15 5 1
15 5 2
15 5 3
53 7 19
15 5 4
15 5 5
15 5 6
53 7 20
53 8 18
15 5 7
15 5 8
53 8 19
53 9 19
15 5 9
15 5 10
15 5 11
15 5 12
15 5 13
15 5 14
53 9 20
53 10 18
15 5 15
15 5 16
15 5 17
15 5 18
15 5 19
15 5 20
15 5 21
15 5 22
15 5 23
15 5 24
15 5 25
15 5 26
15 5 27
15 5 28
15 5 29
53 10 19
15 5 30
15 5 31
15 5 32
15 5 33
15 5 34
15 5 35
15 5 36
15 6 0
15 6 1
53 11 19
15 6 2
15 6 3
15 6 4
15 6 5
15 6 6
15 6 7
15 6 8
15 6 9
15 6 10
15 6 11
15 6 12
15 6 13
15 6 14
15 6 15
15 6 16
15 6 17
15 6 18
15 6 19
15 6 20
15 6 21
15 6 22
15 6 23
15 6 24
15 6 25
15 6 26
15 6 27
15 6 28
15 6 29
15 6 30
15 6 31
15 6 32
15 6 33
15 6 34
15 6 35
15 6 36
15 7 0
15 7 1
15 7 2
15 7 3
15 7 4
15 7 5
15 7 6
15 7 7
15 7 8
15 7 9
15 7 10
15 7 11
15 7 12
15 7 13
15 7 14
15 7 15
15 7 16
15 7 17
15 7 18
15 7 19
53 11 20
15 7 20
15 7 21
15 7 22
15 7 23
15 7 24
15 7 25
15 7 26
15 7 27
15 7 28
15 7 29
15 7 30
53 12 18
15 7 31
53 12 19
15 7 32
15 7 33
53 13 19
15 7 34
15 7 35
53 13 20
15 7 36
15 8 0
15 8 1
15 8 2
15 8 3
15 8 4
15 8 5
15 8 6
15 8 7
15 8 8
15 8 9
15 8 10
15 8 11
15 8 12
15 8 13
53 14 18
15 8 14
15 8 15
15 8 16
15 8 17
15 8 18
15 8 19
15 8 20
15 8 21
15 8 22
53 14 19
15 8 23
15 8 24
15 8 25
15 8 26
15 8 27
53 15 19
15 8 28
15 8 29
15 8 30
15 8 31
15 8 32
15 8 33
15 8 34
15 8 35
15 8 36
15 9 0
15 9 1
15 9 2
15 9 3
15 9 4
15 9 5
53 15 20
15 9 6
15 9 7
15 9 8
15 9 9
15 9 10
15 9 11
53 16 9
15 9 12
15 9 13
15 9 14
15 9 15
15 9 16
15 9 17
15 9 18
15 9 19
15 9 20
15 9 21
15 9 22
15 9 23
15 9 24
53 16 11
15 9 25
15 9 26
15 9 27
15 9 28
15 9 29
15 9 30
15 9 31
53 16 13
53 16 15
15 9 32
15 9 33
53 16 17
15 9 34
15 9 35
15 9 36
53 0 18
53 16 18
53 0 19
53 0 20
53 1 18
53 1 19
53 1 20
53 2 18
53 2 19
53 2 20
53 3 18
53 3 19
53 3 20
53 4 18
53 4 19
53 4 20
53 5 18
53 5 19
53 5 20
53 6 18
53 6 19
53 16 19
53 6 20
53 7 18
12 0 0
12 0 1
12 0 2
12 0 3
12 0 4
12 0 5
12 0 6
12 0 7
12 0 8
12 0 9
12 0 10
12 0 11
12 0 12
12 0 13
12 0 14
12 1 0
12 1 1
36 10 10
12 1 2
12 1 3
12 1 4
12 1 5
12 1 6
36 10 8
12 1 7
12 1 8
12 1 9
12 1 10
36 12 10
12 1 11
12 1 12
36 13 14
12 1 13
12 1 14
12 2 0
12 2 1
12 2 2
12 2 3
12 2 4
12 2 5
12 2 6
12 2 7
12 2 8
12 2 9
12 2 10
12 2 11
12 2 12
12 2 13
12 2 14
12 3 0
36 13 16
12 3 1
12 3 2
12 3 3
12 3 4
12 3 5
12 3 6
12 3 7
12 3 8
12 3 9
12 3 10
12 3 11
12 3 12
36 12 8
36 11 6
12 3 13
12 3 14
12 4 0
12 4 1
12 4 2
12 4 3
12 4 4
12 4 5
12 4 6
12 4 7
12 4 8
12 4 9
36 14 12
36 14 10
12 4 10
12 4 11
12 4 12
12 4 13
12 4 14
12 5 0
12 5 1
12 5 2
12 5 3
12 5 4
12 5 5
12 5 6
12 5 7
12 5 8
12 5 9
12 5 10
12 5 11
12 5 12
12 5 13
12 5 14
12 6 0
12 6 1
12 6 2
12 6 3
12 6 4
12 6 5
12 6 6
12 6 7
12 6 8
12 6 9
12 6 10
12 6 11
12 6 12
12 6 13
12 6 14
36 14 8
12 7 0
12 7 1
12 7 2
12 7 3
12 7 4
12 7 5
12 7 6
12 7 7
12 7 8
12 7 9
12 7 10
12 7 11
12 7 12
12 7 13
12 7 14
12 8 0
12 8 1
12 8 2
36 13 6
12 8 3
12 8 4
12 8 5
12 8 6
12 8 7
12 8 8
12 8 9
12 8 10
12 8 11
12 8 12
12 8 13
12 8 14
12 9 0
12 9 1
12 9 2
12 9 3
12 9 4
12 9 5
12 9 6
36 11 4
12 9 7
36 13 4
12 9 8
36 11 2
36 13 2
12 9 9
12 9 10
12 9 11
12 9 12
12 9 13
12 9 14
12 10 0
12 10 1
12 10 2
12 10 3
12 10 4
12 10 5
12 10 6
12 10 7
12 10 8
12 10 9
12 10 10
36 11 0
12 10 11
12 10 12
12 10 13
12 10 14
12 11 0
12 11 1
12 11 2
12 11 3
12 11 4
36 13 0
12 11 5
12 11 6
12 11 7
12 11 8
12 11 9
12 11 10
12 11 11
36 6 16
12 11 12
12 11 13
36 10 7
12 11 14
36 0 11
36 0 12
36 0 13
36 0 14
36 0 15
36 0 16
36 1 11
36 1 12
36 1 13
36 1 14
36 1 15
36 1 16
36 2 11
36 2 12
36 2 13
36 2 14
36 10 9
36 2 15
36 2 16
36 3 11
36 3 12
36 3 13
36 3 14
36 3 15
36 3 16
36 4 11
36 4 12
36 4 13
36 4 14
36 4 15
36 4 16
36 11 1
36 5 11
36 5 12
36 5 13
36 11 3
36 5 14
36 5 15
36 5 16
36 6 11
36 6 12
36 6 13
36 6 14
36 6 15
19 0 0
19 0 1
19 0 2
19 0 3
19 0 4
19 0 5
19 0 6
19 0 7
19 0 8
19 0 9
19 0 10
19 0 11
19 0 12
19 0 13
19 0 14
19 0 15
19 0 16
14 8 17
14 9 15
19 0 17
19 0 18
14 9 13
14 10 17
19 0 19
19 1 0
19 1 1
19 1 2
19 1 3
19 1 4
19 1 5
19 1 6
19 1 7
19 1 8
19 1 9
19 1 10
19 1 11
19 1 12
19 1 13
19 1 14
19 1 15
14 11 15
19 1 16
19 1 17
19 1 18
19 1 19
19 2 0
19 2 1
19 2 2
19 2 3
19 2 4
19 2 5
19 2 6
14 11 13
19 2 7
19 2 8
19 2 9
19 2 10
19 2 11
19 2 12
19 2 13
19 2 14
19 2 15
19 2 16
19 2 17
19 2 18
19 2 19
19 3 0
19 3 1
19 3 2
19 3 3
19 3 4
19 3 5
14 11 11
19 3 6
19 3 7
19 3 8
19 3 9
19 3 10
19 3 11
19 3 12
19 3 13
19 3 14
19 3 15
19 3 16
19 3 17
19 3 18
19 3 19
19 4 0
19 4 1
19 4 2
19 4 3
19 4 4
19 4 5
19 4 6
19 4 7
19 4 8
19 4 9
19 4 10
19 4 11
14 11 9
19 4 12
19 4 13
19 4 14
19 4 15
19 4 16
19 4 17
19 4 18
19 4 19
19 5 0
19 5 1
19 5 2
19 5 3
19 5 4
19 5 5
19 5 6
14 11 7
19 5 7
19 5 8
19 5 9
19 5 10
19 5 11
19 5 12
14 11 5
19 5 13
19 5 14
19 5 15
19 5 16
19 5 17
14 11 3
19 5 18
19 5 19
19 6 0
19 6 1
19 6 2
19 6 3
14 7 16
19 6 4
19 6 5
19 6 6
19 6 7
19 6 8
19 6 9
19 6 10
19 6 11
19 6 12
19 6 13
19 6 14
14 7 17
19 6 15
19 6 16
19 6 17
14 8 13
19 6 18
19 6 19
19 7 0
19 7 1
19 7 2
19 7 3
19 7 4
19 7 5
14 8 14
19 7 6
19 7 7
14 8 15
14 8 16
19 7 8
19 7 9
19 7 10
19 7 11
19 7 12
19 7 13
19 7 14
14 9 14
19 7 15
14 9 16
19 7 16
19 7 17
19 7 18
19 7 19
19 8 0
19 8 1
19 8 2
19 8 3
19 8 4
19 8 5
19 8 6
19 8 7
19 8 8
19 8 9
19 8 10
19 8 11
19 8 12
19 8 13
14 9 17
19 8 14
19 8 15
19 8 16
19 8 17
19 8 18
19 8 19
19 9 0
19 9 1
19 9 2
19 9 3
19 9 4
19 9 5
19 9 6
19 9 7
19 9 8
19 9 9
14 10 13
19 9 10
19 9 11
19 9 12
19 9 13
19 9 14
19 9 15
19 9 16
19 9 17
19 9 18
19 9 19
19 10 0
19 10 1
19 10 2
14 10 14
19 10 3
19 10 4
19 10 5
19 10 6
19 10 7
14 10 15
14 10 16
19 10 8
19 10 9
19 10 10
19 10 11
14 11 2
14 11 4
19 10 12
19 10 13
19 10 14
19 10 15
19 10 16
19 10 17
19 10 18
19 10 19
19 11 0
19 11 1
19 11 2
19 11 3
14 11 6
14 11 8
19 11 4
19 11 5
19 11 6
19 11 7
19 11 8
19 11 9
19 11 10
14 11 10
14 11 12
19 11 11
19 11 12
19 11 13
19 11 14
19 11 15
19 11 16
19 11 17
19 11 18
19 11 19
19 12 0
19 12 1
19 12 2
19 12 3
19 12 4
19 12 5
14 11 14
19 12 6
19 12 7
14 0 13
14 0 14
14 0 15
14 0 16
14 0 17
14 1 13
14 1 14
14 1 15
14 1 16
14 1 17
14 2 13
14 2 14
14 2 15
14 2 16
14 2 17
14 11 16
14 3 13
14 3 14
14 3 15
14 3 16
14 11 17
14 3 17
14 4 13
14 4 14
14 4 15
14 4 16
14 4 17
14 5 13
14 5 14
14 5 15
14 5 16
14 5 17
14 6 13
14 6 14
14 6 15
14 6 16
14 6 17
14 7 13
14 7 14
14 7 15
54 0 0
54 0 1
42 6 8
54 0 2
54 0 3
42 6 10
42 6 6
54 0 4
42 6 4
54 0 5
54 0 6
54 0 7
54 0 8
54 0 9
54 1 0
54 1 1
42 6 2
54 1 2
54 1 3
42 7 0
54 1 4
54 1 5
54 1 6
54 1 7
54 1 8
54 1 9
42 5 7
54 2 0
54 2 1
42 5 9
54 2 2
54 2 3
54 2 4
54 2 5
54 2 6
54 2 7
54 2 8
54 2 9
54 3 0
42 5 10
54 3 1
54 3 2
42 6 3
54 3 3
42 6 5
54 3 4
54 3 5
54 3 6
54 3 7
54 3 8
54 3 9
54 4 0
54 4 1
42 6 7
54 4 2
54 4 3
54 4 4
54 4 5
42 6 9
54 4 6
54 4 7
54 4 8
54 4 9
54 5 0
54 5 1
54 5 2
54 5 3
54 5 4
54 5 5
54 5 6
54 5 7
54 5 8
54 5 9
54 6 0
54 6 1
54 6 2
54 6 3
54 6 4
54 6 5
54 6 6
54 6 7
54 6 8
54 6 9
42 7 1
54 7 0
54 7 1
54 7 2
54 7 3
54 7 4
54 7 5
54 7 6
54 7 7
54 7 8
54 7 9
54 8 0
54 8 1
54 8 2
42 7 2
42 7 4
54 8 3
54 8 4
54 8 5
54 8 6
54 8 7
54 8 8
54 8 9
42 0 7
42 7 6
42 0 8
42 0 9
42 0 10
42 1 7
42 1 8
42 1 9
42 1 10
42 2 7
42 2 8
42 2 9
42 2 10
42 3 7
42 3 8
42 3 9
42 7 8
42 3 10
42 4 7
42 4 8
42 4 9
36 0 0
36 0 1
36 0 2
36 0 3
44 10 7
36 0 4
36 0 5
36 0 6
36 0 7
36 0 8
36 0 9
36 0 10
36 1 0
36 1 1
36 1 2
36 1 3
44 10 5
44 12 7
36 1 4
36 1 5
36 1 6
44 13 12
36 1 7
36 1 8
36 1 9
36 1 10
36 2 0
44 10 3
36 2 1
36 2 2
36 2 3
36 2 4
36 2 5
36 2 6
36 2 7
36 2 8
36 2 9
36 2 10
36 3 0
36 3 1
36 3 2
36 3 3
36 3 4
44 13 14
36 3 5
36 3 6
36 3 7
36 3 8
36 3 9
36 3 10
36 4 0
44 12 5
36 4 1
36 4 2
36 4 3
36 4 4
36 4 5
36 4 6
36 4 7
36 4 8
36 4 9
36 4 10
36 5 0
36 5 1
36 5 2
36 5 3
44 12 3
44 11 1
36 5 4
36 5 5
36 5 6
36 5 7
36 5 8
36 5 9
36 5 10
36 6 0
44 13 0
36 6 1
36 6 2
36 6 3
36 6 4
36 6 5
36 6 6
36 6 7
36 6 8
36 6 9
36 6 10
36 7 0
36 7 1
36 7 2
36 7 3
36 7 4
36 7 5
36 7 6
36 7 7
36 7 8
36 7 9
36 7 10
36 8 0
36 8 1
36 8 2
44 10 4
36 8 3
36 8 4
36 8 5
36 8 6
36 8 7
36 8 8
36 8 9
36 8 10
36 9 0
36 9 1
36 9 2
36 9 3
36 9 4
36 9 5
36 9 6
36 9 7
44 10 6
36 9 8
36 9 9
36 9 10
36 10 0
44 11 3
36 10 1
36 10 2
36 10 3
36 10 4
36 10 5
36 10 6
44 0 8
44 0 9
44 0 10
44 11 5
44 0 11
44 0 12
44 11 7
44 0 13
44 0 14
44 1 8
44 1 9
44 1 10
44 1 11
44 1 12
44 1 13
44 1 14
44 2 8
44 2 9
44 2 10
44 2 11
44 2 12
44 2 13
44 2 14
44 3 8
44 3 9
44 3 10
44 3 11
44 3 12
44 3 13
44 3 14
44 4 8
44 4 9
44 4 10
44 4 11
44 4 12
44 4 13
44 12 0
44 4 14
44 5 8
44 5 9
44 5 10
44 5 11
44 5 12
44 5 13
44 5 14
44 6 8
44 6 9
44 6 10
44 6 11
44 6 12
18 0 0
18 0 1
18 0 2
18 0 3
18 0 4
18 0 5
18 0 6
18 0 7
18 0 8
18 0 9
4 7 12
18 0 10
18 0 11
4 7 14
18 0 12
18 1 0
18 1 1
18 1 2
18 1 3
18 1 4
18 1 5
18 1 6
18 1 7
18 1 8
4 3 17
18 1 9
18 1 10
18 1 11
18 1 12
18 2 0
18 2 1
18 2 2
18 2 3
18 2 4
18 2 5
18 2 6
4 1 17
18 2 7
18 2 8
4 5 17
4 7 17
18 2 9
18 2 10
4 3 19
18 2 11
18 2 12
18 3 0
18 3 1
4 1 19
18 3 2
18 3 3
18 3 4
18 3 5
18 3 6
18 3 7
18 3 8
18 3 9
18 3 10
18 3 11
18 3 12
18 4 0
18 4 1
18 4 2
18 4 3
18 4 4
18 4 5
18 4 6
4 5 19
18 4 7
18 4 8
18 4 9
18 4 10
18 4 11
18 4 12
18 5 0
18 5 1
18 5 2
18 5 3
4 7 7
18 5 4
18 5 5
18 5 6
4 7 19
18 5 7
18 5 8
18 5 9
18 5 10
18 5 11
18 5 12
18 6 0
4 3 21
18 6 1
18 6 2
18 6 3
18 6 4
18 6 5
18 6 6
18 6 7
18 6 8
18 6 9
18 6 10
18 6 11
18 6 12
18 7 0
18 7 1
18 7 2
18 7 3
4 5 21
18 7 4
18 7 5
18 7 6
18 7 7
18 7 8
18 7 9
18 7 10
18 7 11
18 7 12
18 8 0
18 8 1
18 8 2
18 8 3
18 8 4
18 8 5
4 1 21
18 8 6
18 8 7
18 8 8
4 7 21
18 8 9
4 0 9
4 0 10
4 0 11
4 0 12
4 0 13
4 0 14
4 0 15
4 1 9
4 7 5
4 1 10
4 1 11
4 1 12
4 1 13
4 3 23
4 5 23
4 1 14
4 1 15
4 2 9
4 2 10
4 2 11
4 2 12
4 2 13
4 2 14
4 2 15
4 1 23
4 7 23
4 3 9
4 3 10
4 3 11
4 3 12
4 3 13
4 3 14
4 0 16
4 3 15
4 4 9
4 4 10
4 4 11
4 4 12
4 4 13
4 4 14
4 4 15
4 5 9
4 0 17
4 5 10
4 5 11
4 5 12
4 5 13
4 5 14
4 5 15
4 6 9
4 6 10
20 0 0
20 0 1
20 0 2
20 0 3
58 5 8
20 0 4
20 0 5
20 0 6
58 5 10
20 0 7
20 0 8
20 1 0
20 1 1
20 1 2
58 5 6
20 1 3
20 1 4
20 1 5
20 1 6
20 1 7
20 1 8
20 2 0
20 2 1
20 2 2
20 2 3
20 2 4
20 2 5
20 2 6
20 2 7
58 7 8
20 2 8
20 3 0
20 3 1
20 3 2
20 3 3
20 3 4
20 3 5
20 3 6
20 3 7
20 3 8
20 4 0
20 4 1
20 4 2
20 4 3
20 4 4
20 4 5
20 4 6
20 4 7
20 4 8
20 5 0
20 5 1
20 5 2
20 5 3
20 5 4
20 5 5
20 5 6
58 7 10
20 5 7
20 5 8
20 6 0
20 6 1
20 6 2
20 6 3
20 6 4
20 6 5
20 6 6
58 7 6
20 6 7
20 6 8
58 0 7
58 0 8
58 6 4
58 0 9
58 0 10
58 9 8
58 1 7
58 1 8
58 1 9
58 1 10
58 2 7
58 2 8
58 2 9
58 2 10
58 3 7
58 3 8
58 9 10
58 3 9
42 0 0
42 0 1
42 0 2
42 7 3
42 0 3
42 7 5
42 0 4
42 0 5
42 0 6
42 1 0
42 1 1
42 1 2
42 1 3
42 1 4
42 5 8
42 1 5
42 1 6
42 2 0
42 2 1
42 2 2
42 7 7
42 2 3
42 2 4
42 2 5
42 2 6
42 3 0
42 3 1
42 3 2
42 3 3
42 3 4
42 3 5
42 3 6
42 4 0
42 4 1
42 4 2
42 4 3
42 4 4
42 4 10
42 4 5
42 4 6
42 5 0
42 5 1
42 5 2
42 5 3
42 5 4
42 5 5
42 5 6
42 6 0
42 6 1
38 0 0
7 5 9
7 5 11
38 0 1
38 0 2
38 0 3
38 0 4
38 0 5
38 0 6
38 0 7
38 0 8
38 0 9
7 4 13
38 0 10
38 0 11
38 0 12
38 0 13
38 1 0
38 1 1
38 1 2
38 1 3
38 1 4
38 1 5
38 1 6
38 1 7
38 1 8
7 7 9
38 1 9
38 1 10
38 1 11
38 1 12
38 1 13
38 2 0
38 2 1
38 2 2
38 2 3
38 2 4
38 2 5
38 2 6
38 2 7
38 2 8
38 2 9
38 2 10
38 2 11
7 6 6
38 2 12
38 2 13
38 3 0
38 3 1
38 3 2
7 7 11
38 3 3
38 3 4
7 6 13
38 3 5
38 3 6
38 3 7
38 3 8
38 3 9
7 5 4
38 3 10
38 3 11
38 3 12
38 3 13
38 4 0
38 4 1
38 4 2
38 4 3
38 4 4
38 4 5
38 4 6
38 4 7
38 4 8
38 4 9
38 4 10
38 4 11
7 8 6
38 4 12
38 4 13
7 0 7
7 0 8
7 0 9
7 0 10
7 7 4
7 8 13
7 6 2
7 0 11
7 1 7
7 8 2
7 1 8
7 1 9
7 1 10
7 1 11
7 2 7
7 2 8
7 2 9
7 2 10
7 2 11
7 3 7
7 3 8
7 3 9
7 3 10
7 3 11
7 4 7
24 0 0
24 0 1
24 0 2
24 0 3
24 0 4
24 0 5
24 0 6
24 0 7
24 0 8
24 0 9
24 0 10
24 0 11
24 0 12
24 0 13
24 0 14
24 0 15
24 0 16
24 0 17
24 1 0
24 1 1
24 1 2
24 1 3
24 1 4
24 1 5
24 1 6
24 1 7
24 1 8
24 1 9
24 1 10
23 6 11
24 1 11
24 1 12
24 1 13
24 1 14
24 1 15
24 1 16
24 1 17
23 6 13
24 2 0
24 2 1
24 2 2
24 2 3
23 7 9
24 2 4
24 2 5
23 5 15
24 2 6
24 2 7
24 2 8
24 2 9
23 7 7
24 2 10
24 2 11
24 2 12
24 2 13
24 2 14
24 2 15
24 2 16
24 2 17
24 3 0
24 3 1
24 3 2
24 3 3
24 3 4
24 3 5
24 3 6
24 3 7
23 7 15
24 3 8
24 3 9
24 3 10
24 3 11
24 3 12
24 3 13
24 3 14
24 3 15
24 3 16
24 3 17
24 4 0
24 4 1
24 4 2
24 4 3
23 6 5
24 4 4
24 4 5
24 4 6
24 4 7
24 4 8
24 4 9
23 5 17
23 7 17
24 4 10
23 6 3
24 4 11
24 4 12
24 4 13
24 4 14
24 4 15
24 4 16
24 4 17
23 4 19
24 5 0
24 5 1
23 6 19
24 5 2
24 5 3
24 5 4
24 5 5
24 5 6
24 5 7
23 7 1
24 5 8
24 5 9
23 5 10
24 5 10
23 5 11
24 5 11
24 5 12
24 5 13
24 5 14
24 5 15
24 5 16
24 5 17
24 6 0
24 6 1
24 6 2
24 6 3
24 6 4
24 6 5
24 6 6
24 6 7
24 6 8
24 6 9
24 6 10
24 6 11
24 6 12
23 5 12
23 5 13
24 6 13
24 6 14
24 6 15
24 6 16
24 6 17
24 7 0
23 5 14
24 7 1
24 7 2
24 7 3
24 7 4
24 7 5
23 5 16
24 7 6
24 7 7
24 7 8
24 7 9
24 7 10
24 7 11
24 7 12
24 7 13
24 7 14
24 7 15
24 7 16
23 5 18
24 7 17
23 5 19
24 8 0
24 8 1
24 8 2
24 8 3
23 6 4
24 8 4
24 8 5
24 8 6
24 8 7
24 8 8
24 8 9
24 8 10
23 6 6
24 8 11
24 8 12
24 8 13
24 8 14
24 8 15
24 8 16
24 8 17
23 0 8
23 0 9
23 0 10
23 0 11
23 0 12
23 0 13
23 1 8
23 1 9
23 1 10
23 1 11
23 1 12
23 6 7
23 1 13
23 2 8
23 2 9
23 2 10
23 6 8
23 2 11
23 2 12
23 2 13
23 3 8
23 3 9
23 6 9
23 3 10
23 3 11
23 3 12
23 3 13
23 4 8
23 4 9
23 4 10
23 4 11
23 4 12
23 4 13
23 5 8
23 5 9
55 0 0
55 0 1
55 0 2
55 0 3
55 0 4
55 0 5
55 0 6
55 1 0
55 1 1
55 1 2
55 1 3
55 1 4
55 1 5
55 1 6
55 2 0
55 2 1
55 2 2
55 2 3
55 2 4
55 2 5
55 2 6
55 3 0
55 3 1
55 3 2
55 3 3
55 3 4
55 3 5
55 3 6
55 4 0
55 4 1
55 4 2
55 4 3
62 1 5
55 4 4
55 4 5
55 4 6
55 5 0
55 5 1
55 5 2
55 5 3
55 5 4
55 5 5
55 5 6
55 6 0
55 6 1
55 6 2
55 6 3
55 6 4
55 6 5
55 6 6
62 3 5
55 7 0
55 7 1
55 7 2
55 7 3
55 7 4
55 7 5
55 7 6
62 0 0
62 0 1
62 0 2
62 0 3
62 1 0
62 1 1
62 1 2
62 1 3
62 2 0
62 2 1
62 2 2
62 2 3
62 1 7
62 3 0
62 3 1
62 3 7
62 3 2
28 0 0
28 0 1
28 0 2
28 0 3
28 0 4
28 0 5
28 0 6
28 0 7
28 0 8
28 0 9
28 1 0
28 1 1
28 1 2
9 7 15
28 1 3
28 1 4
28 1 5
28 1 6
28 1 7
28 1 8
28 1 9
28 2 0
28 2 1
28 2 2
28 2 3
28 2 4
28 2 5
28 2 6
28 2 7
28 2 8
28 2 9
28 3 0
9 7 11
28 3 1
28 3 2
28 3 3
28 3 4
28 3 5
28 3 6
28 3 7
28 3 8
28 3 9
28 4 0
28 4 1
28 4 2
28 4 3
28 4 4
28 4 5
28 4 6
28 4 7
9 7 8
28 4 8
28 4 9
28 5 0
28 5 1
28 5 2
28 5 3
9 7 6
28 5 4
28 5 5
28 5 6
28 5 7
28 5 8
9 7 4
28 5 9
28 6 0
28 6 1
28 6 2
28 6 3
28 6 4
28 6 5
9 7 1
28 6 6
28 6 7
28 6 8
28 6 9
28 7 0
28 7 1
28 7 2
28 7 3
28 7 4
28 7 5
28 7 6
28 7 7
28 7 8
28 7 9
9 0 13
9 0 14
9 0 15
9 7 10
9 0 16
9 1 13
9 1 14
9 1 15
9 1 16
9 2 13
9 2 14
9 2 15
9 2 16
9 3 13
9 3 14
9 3 15
9 3 16
9 4 13
9 4 14
9 4 15
9 7 12
9 4 16
9 5 13
9 7 14
9 5 14
9 7 16
9 5 15
9 5 16
9 6 13
0 0 0
0 0 1
52 6 17
0 0 2
0 0 3
0 0 4
0 0 5
0 0 6
0 0 7
0 0 8
0 0 9
0 0 10
0 0 11
0 0 12
0 0 13
0 0 14
0 0 15
0 0 16
0 1 0
0 1 1
0 1 2
0 1 3
0 1 4
52 6 19
0 1 5
0 1 6
0 1 7
0 1 8
0 1 9
0 1 10
0 1 11
0 1 12
0 1 13
0 1 14
0 1 15
52 6 15
0 1 16
0 2 0
0 2 1
0 2 2
0 2 3
0 2 4
0 2 5
0 2 6
0 2 7
0 2 8
0 2 9
52 7 13
0 2 10
0 2 11
52 7 11
0 2 12
0 2 13
0 2 14
0 2 15
0 2 16
0 3 0
0 3 1
52 7 9
52 5 15
0 3 2
0 3 3
52 5 16
0 3 4
0 3 5
52 5 17
0 3 6
0 3 7
0 3 8
0 3 9
0 3 10
0 3 11
52 5 18
0 3 12
0 3 13
0 3 14
0 3 15
0 3 16
0 4 0
0 4 1
0 4 2
52 5 19
0 4 3
0 4 4
0 4 5
0 4 6
0 4 7
0 4 8
0 4 9
0 4 10
0 4 11
0 4 12
0 4 13
0 4 14
0 4 15
0 4 16
0 5 0
52 5 20
0 5 1
0 5 2
0 5 3
0 5 4
0 5 5
0 5 6
0 5 7
0 5 8
52 6 16
0 5 9
0 5 10
0 5 11
0 5 12
0 5 13
0 5 14
0 5 15
0 5 16
0 6 0
0 6 1
0 6 2
0 6 3
0 6 4
52 6 18
0 6 5
52 6 20
0 6 6
0 6 7
0 6 8
52 7 8
0 6 9
0 6 10
0 6 11
0 6 12
0 6 13
0 6 14
0 6 15
0 6 16
0 7 0
0 7 1
0 7 2
0 7 3
0 7 4
0 7 5
0 7 6
0 7 7
52 7 10
52 7 12
0 7 8
0 7 9
0 7 10
0 7 11
0 7 12
0 7 13
0 7 14
0 7 15
0 7 16
0 8 0
0 8 1
0 8 2
52 7 14
52 7 15
0 8 3
0 8 4
0 8 5
0 8 6
0 8 7
0 8 8
0 8 9
0 8 10
0 8 11
0 8 12
0 8 13
0 8 14
0 8 15
52 7 16
0 8 16
0 9 0
0 9 1
0 9 2
0 9 3
52 7 17
0 9 4
0 9 5
0 9 6
0 9 7
0 9 8
0 9 9
0 9 10
0 9 11
0 9 12
52 7 18
0 9 13
0 9 14
0 9 15
0 9 16
52 0 15
52 0 16
52 0 17
52 0 18
52 0 19
52 7 19
52 0 20
52 7 20
52 1 15
52 1 16
52 1 17
52 1 18
52 1 19
52 1 20
52 2 15
52 2 16
52 2 17
52 2 18
52 2 19
52 2 20
52 3 15
52 3 16
52 3 17
52 3 18
52 3 19
52 3 20
52 4 15
52 4 16
52 4 17
52 4 18
52 4 19
52 4 20
22 0 0
22 0 1
22 0 2
22 0 3
22 0 4
22 0 5
22 0 6
22 0 7
22 0 8
44 9 3
44 9 5
44 9 1
22 0 9
22 0 10
22 0 11
22 0 12
22 0 13
22 0 14
22 0 15
22 0 16
22 0 17
22 1 0
22 1 1
44 9 7
44 11 4
22 1 2
22 1 3
22 1 4
22 1 5
22 1 6
44 11 2
22 1 7
44 11 6
22 1 8
22 1 9
22 1 10
44 11 0
22 1 11
22 1 12
44 13 3
22 1 13
22 1 14
22 1 15
22 1 16
22 1 17
44 13 5
22 2 0
22 2 1
22 2 2
22 2 3
22 2 4
22 2 5
22 2 6
22 2 7
22 2 8
22 2 9
22 2 10
22 2 11
22 2 12
22 2 13
22 2 14
22 2 15
22 2 16
22 2 17
22 3 0
22 3 1
22 3 2
22 3 3
22 3 4
22 3 5
22 3 6
22 3 7
22 3 8
22 3 9
22 3 10
22 3 11
44 13 1
22 3 12
22 3 13
44 13 7
22 3 14
22 3 15
44 6 13
22 3 16
22 3 17
22 4 0
22 4 1
22 4 2
22 4 3
22 4 4
22 4 5
22 4 6
22 4 7
22 4 8
22 4 9
22 4 10
22 4 11
22 4 12
22 4 13
22 4 14
22 4 15
22 4 16
22 4 17
22 5 0
22 5 1
44 13 11
22 5 2
22 5 3
22 5 4
22 5 5
22 5 6
22 5 7
22 5 8
22 5 9
22 5 10
22 5 11
22 5 12
44 13 13
22 5 13
22 5 14
22 5 15
22 5 16
22 5 17
22 6 0
22 6 1
22 6 2
22 6 3
22 6 4
22 6 5
44 6 14
22 6 6
22 6 7
22 6 8
22 6 9
22 6 10
22 6 11
22 6 12
22 6 13
22 6 14
22 6 15
22 6 16
44 8 0
22 6 17
44 8 1
22 7 0
22 7 1
22 7 2
22 7 3
22 7 4
22 7 5
22 7 6
44 8 2
22 7 7
22 7 8
22 7 9
22 7 10
22 7 11
22 7 12
22 7 13
22 7 14
22 7 15
22 7 16
22 7 17
22 8 0
22 8 1
22 8 2
22 8 3
44 8 3
44 8 4
22 8 4
22 8 5
22 8 6
22 8 7
22 8 8
22 8 9
22 8 10
22 8 11
22 8 12
22 8 13
22 8 14
22 8 15
22 8 16
22 8 17
22 9 0
22 9 1
22 9 2
22 9 3
22 9 4
22 9 5
44 8 5
22 9 6
22 9 7
22 9 8
22 9 9
22 9 10
22 9 11
44 8 6
44 8 7
22 9 12
22 9 13
22 9 14
22 9 15
22 9 16
22 9 17
22 10 0
22 10 1
22 10 2
44 9 0
22 10 3
22 10 4
44 9 2
22 10 5
22 10 6
22 10 7
22 10 8
22 10 9
22 10 10
22 10 11
22 10 12
22 10 13
44 9 4
22 10 14
22 10 15
22 10 16
22 10 17
22 11 0
22 11 1
22 11 2
44 9 6
22 11 3
22 11 4
22 11 5
22 11 6
22 11 7
22 11 8
22 11 9
22 11 10
22 11 11
22 11 12
22 11 13
22 11 14
22 11 15
22 11 16
22 11 17
44 0 0
44 0 1
44 0 2
44 0 3
44 0 4
44 0 5
44 0 6
44 0 7
44 1 0
44 1 1
44 1 2
44 1 3
44 1 4
44 1 5
44 1 6
44 10 0
44 1 7
44 2 0
44 2 1
44 2 2
44 2 3
44 2 4
44 2 5
44 2 6
44 2 7
44 3 0
44 3 1
44 3 2
44 3 3
44 3 4
44 3 5
44 3 6
44 3 7
44 4 0
44 10 1
44 4 1
44 4 2
44 10 2
44 4 3
44 4 4
44 4 5
44 4 6
44 4 7
44 5 0
44 5 1
44 5 2
44 5 3
44 5 4
44 5 5
44 5 6
44 5 7
44 6 0
44 6 1
44 6 2
44 6 3
44 6 4
44 6 5
44 6 6
44 6 7
44 7 0
44 7 1
44 7 2
44 7 3
44 7 4
44 7 5
44 7 6
44 7 7
63 0 0
63 0 1
63 0 2
63 0 3
63 0 4
48 9 13
48 9 9
63 0 5
63 0 6
63 0 7
63 0 8
63 0 9
63 0 10
63 0 11
63 0 12
63 0 13
63 0 14
63 0 15
63 0 16
63 0 17
63 0 18
63 0 19
63 0 20
63 0 21
63 0 22
63 0 23
63 1 0
63 1 1
63 1 2
63 1 3
48 10 11
63 1 4
63 1 5
63 1 6
63 1 7
63 1 8
63 1 9
63 1 10
63 1 11
63 1 12
63 1 13
63 1 14
63 1 15
63 1 16
63 1 17
63 1 18
63 1 19
48 10 7
48 10 5
48 10 3
63 1 20
63 1 21
63 1 22
63 1 23
63 2 0
63 2 1
63 2 2
63 2 3
63 2 4
63 2 5
63 2 6
63 2 7
48 10 1
48 8 12
63 2 8
48 8 13
63 2 9
63 2 10
63 2 11
63 2 12
48 8 14
63 2 13
63 2 14
63 2 15
63 2 16
63 2 17
63 2 18
63 2 19
63 2 20
63 2 21
63 2 22
63 2 23
63 3 0
63 3 1
48 9 10
63 3 2
63 3 3
63 3 4
63 3 5
63 3 6
63 3 7
63 3 8
63 3 9
63 3 10
63 3 11
63 3 12
63 3 13
48 9 11
63 3 14
63 3 15
63 3 16
63 3 17
63 3 18
63 3 19
63 3 20
63 3 21
63 3 22
63 3 23
63 4 0
63 4 1
63 4 2
63 4 3
63 4 4
63 4 5
48 9 12
63 4 6
63 4 7
63 4 8
63 4 9
63 4 10
63 4 11
63 4 12
63 4 13
63 4 14
63 4 15
63 4 16
63 4 17
48 9 14
63 4 18
48 10 0
63 4 19
48 10 2
63 4 20
63 4 21
63 4 22
48 10 4
63 4 23
63 5 0
63 5 1
63 5 2
63 5 3
63 5 4
63 5 5
63 5 6
63 5 7
63 5 8
63 5 9
63 5 10
63 5 11
63 5 12
48 10 6
63 5 13
63 5 14
63 5 15
63 5 16
63 5 17
63 5 18
63 5 19
63 5 20
63 5 21
63 5 22
63 5 23
63 6 0
63 6 1
48 10 8
63 6 2
63 6 3
63 6 4
63 6 5
63 6 6
63 6 7
63 6 8
63 6 9
63 6 10
63 6 11
63 6 12
63 6 13
63 6 14
63 6 15
63 6 16
63 6 17
63 6 18
63 6 19
63 6 20
63 6 21
48 10 9
63 6 22
63 6 23
48 0 11
48 0 12
48 0 13
48 0 14
48 1 11
48 1 12
48 1 13
48 1 14
48 2 11
48 2 12
48 2 13
48 2 14
48 3 11
48 3 12
48 3 13
48 3 14
48 4 11
48 4 12
48 4 13
48 10 10
48 4 14
48 5 11
48 5 12
48 10 12
48 5 13
48 5 14
48 6 11
48 10 13
48 6 12
48 6 13
48 6 14
48 7 11
48 7 12
48 10 14
48 7 13
48 7 14
48 8 11
